{
  "allocs": [
    {
      "global_alloc": {
        "Memory": {
          "align": 1,
          "bytes": [
            97,
            115,
            115,
            101,
            114,
            116,
            105,
            111,
            110,
            32,
            102,
            97,
            105,
            108,
            101,
            100,
            58,
            32,
            42,
            42,
            99,
            32,
            61,
            61,
            32,
            52,
            50
          ],
          "mutability": "Not",
          "provenance": {
            "ptrs": []
          }
        }
      }
    }
  ],
  "functions": [
    [
      {
        "IntrinsicSym": "black_box"
      }
    ],
    [
      {
        "NoOpSym": ""
      }
    ],
    [
      {
        "NormalSym": "_RINvNtNtCscDO4RCH5abB_3std3sys9backtrace28___rust_begin_short_backtraceFEuuECseLMBCWMWJ0x_1"
      }
    ],
    [
      {
        "NormalSym": "_RNCINvNtCscDO4RCH5abB_3std2rt10lang_startuE0CseLMBCWMWJ0x_1"
      }
    ],
    [
      {
        "NormalSym": "_RNvNtCs8Fr6PjOO57e_4cor"
      }
    ],
    [
      {
        "NormalSym": "_RNvNtCscDO4RCH5abB_3std2rt19la"
      }
    ],
    [
      {
        "NormalSym": "_RNvXsZ_NtCscDO4RCH5abB_3std7processuNtB5_11Termination6reportCseLMBCWMWJ0x_1"
      }
    ],
    [
      {
        "NormalSym": "_RNvYFEuINtNtNtCs8Fr6PjOO57e_4core3ops8function6FnOnceuE9call_onceCseLMBCWMWJ0x_1"
      }
    ],
    [
      {
        "NormalSym": "_RNvYNCINvNtCscDO4RCH5abB_3std2rt10lang_startuE0INtNtNtCs8Fr6PjOO57e_4core3ops8function6FnOnceuE9call_onceCseLMBCWMWJ0x_1"
      }
    ]
  ],
  "items": [
    {
      "details": null,
      "mono_item_kind": {
        "MonoItemFn": {
          "body": {
            "arg_count": 4,
            "blocks": [
              {
                "statements": [
                  {
                    "kind": {
                      "StorageLive": 5
                    },
                    "span": 2
                  },
                  {
                    "kind": {
                      "StorageLive": 7
                    },
                    "span": 3
                  },
                  {
                    "kind": {
                      "Assign": [
                        {
                          "local": 7,
                          "projection": []
                        },
                        {
                          "Aggregate": [
                            {
                              "Closure": [
                                1,
                                [
                                  {
                                    "Type": 1
                                  },
                                  {
                                    "Type": 2
                                  },
                                  {
                                    "Type": 3
                                  },
                                  {
                                    "Type": 4
                                  }
                                ]
                              ]
                            },
                            [
                              {
                                "Copy": {
                                  "local": 1,
                                  "projection": []
                                }
                              }
                            ]
                          ]
                        }
                      ]
                    },
                    "span": 3
                  },
                  {
                    "kind": {
                      "Assign": [
                        {
                          "local": 6,
                          "projection": []
                        },
                        {
                          "Ref": [
                            {
                              "kind": "ReErased"
                            },
                            "Shared",
                            {
                              "local": 7,
                              "projection": []
                            }
                          ]
                        }
                      ]
                    },
                    "span": 2
                  },
                  {
                    "kind": {
                      "Assign": [
                        {
                          "local": 5,
                          "projection": []
                        },
                        {
                          "Cast": [
                            {
                              "PointerCoercion": "Unsize"
                            },
                            {
                              "Copy": {
                                "local": 6,
                                "projection": []
                              }
                            },
                            5
                          ]
                        }
                      ]
                    },
                    "span": 2
                  }
                ],
                "terminator": {
                  "kind": {
                    "Call": {
                      "args": [
                        {
                          "Move": {
                            "local": 5,
                            "projection": []
                          }
                        },
                        {
                          "Move": {
                            "local": 2,
                            "projection": []
                          }
                        },
                        {
                          "Move": {
                            "local": 3,
                            "projection": []
                          }
                        },
                        {
                          "Move": {
                            "local": 4,
                            "projection": []
                          }
                        }
                      ],
                      "destination": {
                        "local": 0,
                        "projection": []
                      },
                      "func": {
                        "Constant": {
                          "const_": {
                            "kind": "ZeroSized"
                          },
                          "span": 0,
                          "user_ty": null
                        }
                      },
                      "target": 1,
                      "unwind": "Continue"
                    }
                  },
                  "span": 1
                }
              },
              {
                "statements": [
                  {
                    "kind": {
                      "StorageDead": 7
                    },
                    "span": 5
                  },
                  {
                    "kind": {
                      "StorageDead": 5
                    },
                    "span": 5
                  }
                ],
                "terminator": {
                  "kind": "Return",
                  "span": 4
                }
              }
            ],
            "locals": [
              {
                "mutability": "Mut",
                "span": 6
              },
              {
                "mutability": "Not",
                "span": 7
              },
              {
                "mutability": "Not",
                "span": 8
              },
              {
                "mutability": "Not",
                "span": 9
              },
              {
                "mutability": "Not",
                "span": 10
              },
              {
                "mutability": "Mut",
                "span": 2
              },
              {
                "mutability": "Not",
                "span": 2
              },
              {
                "mutability": "Not",
                "span": 3
              }
            ],
            "span": 11,
            "spread_arg": null,
            "var_debug_info": [
              {
                "argument_index": 1,
                "composite": null,
                "name": "main",
                "source_info": {
                  "scope": 0,
                  "span": 7
                },
                "value": {
                  "Place": {
                    "local": 1,
                    "projection": []
                  }
                }
              },
              {
                "argument_index": 2,
                "composite": null,
                "name": "argc",
                "source_info": {
                  "scope": 0,
                  "span": 8
                },
                "value": {
                  "Place": {
                    "local": 2,
                    "projection": []
                  }
                }
              },
              {
                "argument_index": 3,
                "composite": null,
                "name": "argv",
                "source_info": {
                  "scope": 0,
                  "span": 9
                },
                "value": {
                  "Place": {
                    "local": 3,
                    "projection": []
                  }
                }
              },
              {
                "argument_index": 4,
                "composite": null,
                "name": "sigpipe",
                "source_info": {
                  "scope": 0,
                  "span": 10
                },
                "value": {
                  "Place": {
                    "local": 4,
                    "projection": []
                  }
                }
              }
            ]
          },
          "name": "std::rt::lang_start::<()>"
        }
      },
      "symbol_name": "_RINvNtCscDO4RCH5abB_3std2rt10lang_startuECseLMBCWMWJ0x_1"
    },
    {
      "details": null,
      "mono_item_kind": {
        "MonoItemFn": {
          "body": {
            "arg_count": 1,
            "blocks": [
              {
                "statements": [],
                "terminator": {
                  "kind": {
                    "Call": {
                      "args": [
                        {
                          "Move": {
                            "local": 1,
                            "projection": []
                          }
                        },
                        {
                          "Constant": {
                            "const_": {
                              "kind": "ZeroSized"
                            },
                            "span": 13,
                            "user_ty": null
                          }
                        }
                      ],
                      "destination": {
                        "local": 0,
                        "projection": []
                      },
                      "func": {
                        "Constant": {
                          "const_": {
                            "kind": "ZeroSized"
                          },
                          "span": 12,
                          "user_ty": null
                        }
                      },
                      "target": 1,
                      "unwind": "Continue"
                    }
                  },
                  "span": 14
                }
              },
              {
                "statements": [],
                "terminator": {
                  "kind": {
                    "Call": {
                      "args": [
                        {
                          "Constant": {
                            "const_": {
                              "kind": "ZeroSized"
                            },
                            "span": 13,
                            "user_ty": null
                          }
                        }
                      ],
                      "destination": {
                        "local": 2,
                        "projection": []
                      },
                      "func": {
                        "Constant": {
                          "const_": {
                            "kind": "ZeroSized"
                          },
                          "span": 15,
                          "user_ty": null
                        }
                      },
                      "target": 2,
                      "unwind": "Unreachable"
                    }
                  },
                  "span": 16
                }
              },
              {
                "statements": [],
                "terminator": {
                  "kind": "Return",
                  "span": 17
                }
              }
            ],
            "locals": [
              {
                "mutability": "Mut",
                "span": 18
              },
              {
                "mutability": "Not",
                "span": 19
              },
              {
                "mutability": "Not",
                "span": 20
              }
            ],
            "span": 23,
            "spread_arg": null,
            "var_debug_info": [
              {
                "argument_index": 1,
                "composite": null,
                "name": "f",
                "source_info": {
                  "scope": 0,
                  "span": 19
                },
                "value": {
                  "Place": {
                    "local": 1,
                    "projection": []
                  }
                }
              },
              {
                "argument_index": null,
                "composite": null,
                "name": "result",
                "source_info": {
                  "scope": 1,
                  "span": 21
                },
                "value": {
                  "Place": {
                    "local": 0,
                    "projection": []
                  }
                }
              },
              {
                "argument_index": 1,
                "composite": null,
                "name": "dummy",
                "source_info": {
                  "scope": 2,
                  "span": 22
                },
                "value": {
                  "Const": {
                    "const_": {
                      "kind": "ZeroSized"
                    },
                    "span": 13,
                    "user_ty": null
                  }
                }
              }
            ]
          },
          "name": "std::sys::backtrace::__rust_begin_short_backtrace::<fn(), ()>"
        }
      },
      "symbol_name": "_RINvNtNtCscDO4RCH5abB_3std3sys9backtrace28___rust_begin_short_backtraceFEuuECseLMBCWMWJ0x_1"
    },
    {
      "details": null,
      "mono_item_kind": {
        "MonoItemFn": {
          "body": {
            "arg_count": 1,
            "blocks": [
              {
                "statements": [
                  {
                    "kind": {
                      "StorageLive": 2
                    },
                    "span": 26
                  },
                  {
                    "kind": {
                      "StorageLive": 3
                    },
                    "span": 25
                  },
                  {
                    "kind": {
                      "StorageLive": 4
                    },
                    "span": 27
                  },
                  {
                    "kind": {
                      "Assign": [
                        {
                          "local": 4,
                          "projection": []
                        },
                        {
                          "Use": {
                            "Copy": {
                              "local": 1,
                              "projection": [
                                "Deref",
                                {
                                  "Field": [
                                    0,
                                    0
                                  ]
                                }
                              ]
                            }
                          }
                        }
                      ]
                    },
                    "span": 27
                  }
                ],
                "terminator": {
                  "kind": {
                    "Call": {
                      "args": [
                        {
                          "Move": {
                            "local": 4,
                            "projection": []
                          }
                        }
                      ],
                      "destination": {
                        "local": 3,
                        "projection": []
                      },
                      "func": {
                        "Constant": {
                          "const_": {
                            "kind": "ZeroSized"
                          },
                          "span": 24,
                          "user_ty": null
                        }
                      },
                      "target": 1,
                      "unwind": "Continue"
                    }
                  },
                  "span": 25
                }
              },
              {
                "statements": [
                  {
                    "kind": {
                      "StorageDead": 4
                    },
                    "span": 29
                  }
                ],
                "terminator": {
                  "kind": {
                    "Call": {
                      "args": [
                        {
                          "Move": {
                            "local": 3,
                            "projection": []
                          }
                        }
                      ],
                      "destination": {
                        "local": 2,
                        "projection": []
                      },
                      "func": {
                        "Constant": {
                          "const_": {
                            "kind": "ZeroSized"
                          },
                          "span": 28,
                          "user_ty": null
                        }
                      },
                      "target": 2,
                      "unwind": "Continue"
                    }
                  },
                  "span": 26
                }
              },
              {
                "statements": [
                  {
                    "kind": {
                      "StorageDead": 3
                    },
                    "span": 31
                  },
                  {
                    "kind": {
                      "StorageLive": 5
                    },
                    "span": 32
                  },
                  {
                    "kind": {
                      "Assign": [
                        {
                          "local": 5,
                          "projection": []
                        },
                        {
                          "Use": {
                            "Copy": {
                              "local": 2,
                              "projection": [
                                {
                                  "Field": [
                                    0,
                                    0
                                  ]
                                },
                                {
                                  "Field": [
                                    0,
                                    0
                                  ]
                                }
                              ]
                            }
                          }
                        }
                      ]
                    },
                    "span": 32
                  },
                  {
                    "kind": {
                      "Assign": [
                        {
                          "local": 0,
                          "projection": []
                        },
                        {
                          "Cast": [
                            "IntToInt",
                            {
                              "Move": {
                                "local": 5,
                                "projection": []
                              }
                            },
                            17
                          ]
                        }
                      ]
                    },
                    "span": 33
                  },
                  {
                    "kind": {
                      "StorageDead": 5
                    },
                    "span": 34
                  },
                  {
                    "kind": {
                      "StorageDead": 2
                    },
                    "span": 35
                  }
                ],
                "terminator": {
                  "kind": "Return",
                  "span": 30
                }
              }
            ],
            "locals": [
              {
                "mutability": "Mut",
                "span": 36
              },
              {
                "mutability": "Mut",
                "span": 3
              },
              {
                "mutability": "Mut",
                "span": 26
              },
              {
                "mutability": "Mut",
                "span": 25
              },
              {
                "mutability": "Mut",
                "span": 27
              },
              {
                "mutability": "Mut",
                "span": 32
              }
            ],
            "span": 3,
            "spread_arg": null,
            "var_debug_info": [
              {
                "argument_index": null,
                "composite": null,
                "name": "main",
                "source_info": {
                  "scope": 0,
                  "span": 7
                },
                "value": {
                  "Place": {
                    "local": 1,
                    "projection": [
                      "Deref",
                      {
                        "Field": [
                          0,
                          0
                        ]
                      }
                    ]
                  }
                }
              },
              {
                "argument_index": 1,
                "composite": null,
                "name": "self",
                "source_info": {
                  "scope": 1,
                  "span": 37
                },
                "value": {
                  "Place": {
                    "local": 2,
                    "projection": []
                  }
                }
              }
            ]
          },
          "name": "std::rt::lang_start::<()>::{closure#0}"
        }
      },
      "symbol_name": "_RNCINvNtCscDO4RCH5abB_3std2rt10lang_startuE0CseLMBCWMWJ0x_1"
    },
    {
      "details": null,
      "mono_item_kind": {
        "MonoItemFn": {
          "body": {
            "arg_count": 2,
            "blocks": [
              {
                "statements": [],
                "terminator": {
                  "kind": {
                    "Call": {
                      "args": [
                        {
                          "Move": {
                            "local": 1,
                            "projection": [
                              "Deref"
                            ]
                          }
                        },
                        {
                          "Move": {
                            "local": 2,
                            "projection": []
                          }
                        }
                      ],
                      "destination": {
                        "local": 0,
                        "projection": []
                      },
                      "func": {
                        "Constant": {
                          "const_": {
                            "kind": "ZeroSized"
                          },
                          "span": 38,
                          "user_ty": null
                        }
                      },
                      "target": 1,
                      "unwind": "Continue"
                    }
                  },
                  "span": 38
                }
              },
              {
                "statements": [],
                "terminator": {
                  "kind": "Return",
                  "span": 38
                }
              }
            ],
            "locals": [
              {
                "mutability": "Mut",
                "span": 38
              },
              {
                "mutability": "Not",
                "span": 38
              },
              {
                "mutability": "Not",
                "span": 38
              }
            ],
            "span": 38,
            "spread_arg": 2,
            "var_debug_info": []
          },
          "name": "<{closure@std::rt::lang_start<()>::{closure#0}} as std::ops::FnOnce<()>>::call_once"
        }
      },
      "symbol_name": "_RNSNvYNCINvNtCscDO4RCH5abB_3std2rt10lang_startuE0INtNtNtCs8Fr6PjOO57e_4core3ops8function6FnOnceuE9call_once6vtableCseLMBCWMWJ0x_1"
    },
    {
      "details": null,
      "mono_item_kind": {
        "MonoItemFn": {
          "body": {
            "arg_count": 0,
            "blocks": [
              {
                "statements": [
                  {
                    "kind": {
                      "Assign": [
                        {
                          "local": 1,
                          "projection": []
                        },
                        {
                          "Use": {
                            "Constant": {
                              "const_": {
                                "kind": {
                                  "Allocated": {
                                    "align": 4,
                                    "bytes": [
                                      42,
                                      0,
                                      0,
                                      0
                                    ],
                                    "mutability": "Mut",
                                    "provenance": {
                                      "ptrs": []
                                    }
                                  }
                                }
                              },
                              "span": 40,
                              "user_ty": null
                            }
                          }
                        }
                      ]
                    },
                    "span": 40
                  },
                  {
                    "kind": {
                      "Assign": [
                        {
                          "local": 2,
                          "projection": []
                        },
                        {
                          "Ref": [
                            {
                              "kind": "ReErased"
                            },
                            "Shared",
                            {
                              "local": 1,
                              "projection": []
                            }
                          ]
                        }
                      ]
                    },
                    "span": 41
                  },
                  {
                    "kind": {
                      "Assign": [
                        {
                          "local": 3,
                          "projection": []
                        },
                        {
                          "Ref": [
                            {
                              "kind": "ReErased"
                            },
                            "Shared",
                            {
                              "local": 2,
                              "projection": []
                            }
                          ]
                        }
                      ]
                    },
                    "span": 42
                  },
                  {
                    "kind": {
                      "Assign": [
                        {
                          "local": 6,
                          "projection": []
                        },
                        {
                          "Use": {
                            "Copy": {
                              "local": 3,
                              "projection": [
                                "Deref"
                              ]
                            }
                          }
                        }
                      ]
                    },
                    "span": 43
                  },
                  {
                    "kind": {
                      "Assign": [
                        {
                          "local": 4,
                          "projection": []
                        },
                        {
                          "Use": {
                            "Copy": {
                              "local": 6,
                              "projection": [
                                "Deref"
                              ]
                            }
                          }
                        }
                      ]
                    },
                    "span": 43
                  }
                ],
                "terminator": {
                  "kind": {
                    "SwitchInt": {
                      "discr": {
                        "Move": {
                          "local": 4,
                          "projection": []
                        }
                      },
                      "targets": {
                        "branches": [
                          [
                            42,
                            1
                          ]
                        ],
                        "otherwise": 2
                      }
                    }
                  },
                  "span": 39
                }
              },
              {
                "statements": [],
                "terminator": {
                  "kind": "Return",
                  "span": 44
                }
              },
              {
                "statements": [],
                "terminator": {
                  "kind": {
                    "Call": {
                      "args": [
                        {
                          "Constant": {
                            "const_": {
                              "kind": {
                                "Allocated": {
                                  "align": 8,
                                  "bytes": [
                                    0,
                                    0,
                                    0,
                                    0,
                                    0,
                                    0,
                                    0,
                                    0,
                                    27,
                                    0,
                                    0,
                                    0,
                                    0,
                                    0,
                                    0,
                                    0
                                  ],
                                  "mutability": "Mut",
                                  "provenance": {
                                    "ptrs": [
                                      [
                                        0,
                                        0
                                      ]
                                    ]
                                  }
                                }
                              }
                            },
                            "span": 13,
                            "user_ty": null
                          }
                        }
                      ],
                      "destination": {
                        "local": 5,
                        "projection": []
                      },
                      "func": {
                        "Constant": {
                          "const_": {
                            "kind": "ZeroSized"
                          },
                          "span": 45,
                          "user_ty": null
                        }
                      },
                      "target": null,
                      "unwind": "Continue"
                    }
                  },
                  "span": 45
                }
              }
            ],
            "locals": [
              {
                "mutability": "Mut",
                "span": 46
              },
              {
                "mutability": "Not",
                "span": 47
              },
              {
                "mutability": "Not",
                "span": 48
              },
              {
                "mutability": "Not",
                "span": 49
              },
              {
                "mutability": "Mut",
                "span": 43
              },
              {
                "mutability": "Mut",
                "span": 45
              },
              {
                "mutability": "Mut",
                "span": 49
              }
            ],
            "span": 50,
            "spread_arg": null,
            "var_debug_info": [
              {
                "argument_index": null,
                "composite": null,
                "name": "a",
                "source_info": {
                  "scope": 1,
                  "span": 47
                },
                "value": {
                  "Place": {
                    "local": 1,
                    "projection": []
                  }
                }
              },
              {
                "argument_index": null,
                "composite": null,
                "name": "b",
                "source_info": {
                  "scope": 2,
                  "span": 48
                },
                "value": {
                  "Place": {
                    "local": 2,
                    "projection": []
                  }
                }
              },
              {
                "argument_index": null,
                "composite": null,
                "name": "c",
                "source_info": {
                  "scope": 3,
                  "span": 49
                },
                "value": {
                  "Place": {
                    "local": 3,
                    "projection": []
                  }
                }
              }
            ]
          },
          "name": "double_ref_deref::main"
        }
      },
      "symbol_name": "_RNvCseLMBCWMWJ0x_16doub"
    },
    {
      "details": null,
      "mono_item_kind": {
        "MonoItemFn": {
          "body": {
            "arg_count": 1,
            "blocks": [
              {
                "statements": [
                  {
                    "kind": {
                      "Assign": [
                        {
                          "local": 0,
                          "projection": []
                        },
                        {
                          "Use": {
                            "Constant": {
                              "const_": {
                                "kind": {
                                  "Allocated": {
                                    "align": 1,
                                    "bytes": [
                                      0
                                    ],
                                    "mutability": "Mut",
                                    "provenance": {
                                      "ptrs": []
                                    }
                                  }
                                }
                              },
                              "span": 13,
                              "user_ty": null
                            }
                          }
                        }
                      ]
                    },
                    "span": 52
                  }
                ],
                "terminator": {
                  "kind": "Return",
                  "span": 51
                }
              }
            ],
            "locals": [
              {
                "mutability": "Mut",
                "span": 53
              },
              {
                "mutability": "Not",
                "span": 54
              }
            ],
            "span": 55,
            "spread_arg": null,
            "var_debug_info": []
          },
          "name": "<() as std::process::Termination>::report"
        }
      },
      "symbol_name": "_RNvXsZ_NtCscDO4RCH5abB_3std7processuNtB5_11Termination6reportCseLMBCWMWJ0x_1"
    },
    {
      "details": null,
      "mono_item_kind": {
        "MonoItemFn": {
          "body": {
            "arg_count": 2,
            "blocks": [
              {
                "statements": [],
                "terminator": {
                  "kind": {
                    "Call": {
                      "args": [],
                      "destination": {
                        "local": 0,
                        "projection": []
                      },
                      "func": {
                        "Move": {
                          "local": 1,
                          "projection": []
                        }
                      },
                      "target": 1,
                      "unwind": "Continue"
                    }
                  },
                  "span": 38
                }
              },
              {
                "statements": [],
                "terminator": {
                  "kind": "Return",
                  "span": 38
                }
              }
            ],
            "locals": [
              {
                "mutability": "Mut",
                "span": 38
              },
              {
                "mutability": "Not",
                "span": 38
              },
              {
                "mutability": "Not",
                "span": 38
              }
            ],
            "span": 38,
            "spread_arg": 2,
            "var_debug_info": []
          },
          "name": "<fn() as std::ops::FnOnce<()>>::call_once"
        }
      },
      "symbol_name": "_RNvYFEuINtNtNtCs8Fr6PjOO57e_4core3ops8function6FnOnceuE9call_onceCseLMBCWMWJ0x_1"
    },
    {
      "details": null,
      "mono_item_kind": {
        "MonoItemFn": {
          "body": {
            "arg_count": 2,
            "blocks": [
              {
                "statements": [
                  {
                    "kind": {
                      "Assign": [
                        {
                          "local": 3,
                          "projection": []
                        },
                        {
                          "Ref": [
                            {
                              "kind": "ReErased"
                            },
                            {
                              "Mut": {
                                "kind": "Default"
                              }
                            },
                            {
                              "local": 1,
                              "projection": []
                            }
                          ]
                        }
                      ]
                    },
                    "span": 38
                  }
                ],
                "terminator": {
                  "kind": {
                    "Call": {
                      "args": [
                        {
                          "Move": {
                            "local": 3,
                            "projection": []
                          }
                        },
                        {
                          "Move": {
                            "local": 2,
                            "projection": []
                          }
                        }
                      ],
                      "destination": {
                        "local": 0,
                        "projection": []
                      },
                      "func": {
                        "Constant": {
                          "const_": {
                            "kind": "ZeroSized"
                          },
                          "span": 38,
                          "user_ty": null
                        }
                      },
                      "target": 1,
                      "unwind": {
                        "Cleanup": 3
                      }
                    }
                  },
                  "span": 38
                }
              },
              {
                "statements": [],
                "terminator": {
                  "kind": {
                    "Drop": {
                      "place": {
                        "local": 1,
                        "projection": []
                      },
                      "target": 2,
                      "unwind": "Continue"
                    }
                  },
                  "span": 38
                }
              },
              {
                "statements": [],
                "terminator": {
                  "kind": "Return",
                  "span": 38
                }
              },
              {
                "statements": [],
                "terminator": {
                  "kind": {
                    "Drop": {
                      "place": {
                        "local": 1,
                        "projection": []
                      },
                      "target": 4,
                      "unwind": "Terminate"
                    }
                  },
                  "span": 38
                }
              },
              {
                "statements": [],
                "terminator": {
                  "kind": "Resume",
                  "span": 38
                }
              }
            ],
            "locals": [
              {
                "mutability": "Mut",
                "span": 38
              },
              {
                "mutability": "Not",
                "span": 38
              },
              {
                "mutability": "Not",
                "span": 38
              },
              {
                "mutability": "Not",
                "span": 38
              }
            ],
            "span": 38,
            "spread_arg": 2,
            "var_debug_info": []
          },
          "name": "<{closure@std::rt::lang_start<()>::{closure#0}} as std::ops::FnOnce<()>>::call_once"
        }
      },
      "symbol_name": "_RNvYNCINvNtCscDO4RCH5abB_3std2rt10lang_startuE0INtNtNtCs8Fr6PjOO57e_4core3ops8function6FnOnceuE9call_onceCseLMBCWMWJ0x_1"
    }
  ],
  "types": [
    [
      {
        "PrimitiveType": "Str"
      }
    ],
    [
      {
        "PrimitiveType": {
          "Int": "I32"
        }
      }
    ],
    [
      {
        "PrimitiveType": {
          "Int": "Isize"
        }
      }
    ],
    [
      {
        "PrimitiveType": {
          "Uint": "U32"
        }
      }
    ],
    [
      {
        "PrimitiveType": {
          "Uint": "U8"
        }
      }
    ],
    [
      {
        "StructType": {
          "fields": "elided",
          "layout": {
            "abi": {
              "Aggregate": {
                "sized": true
              }
            },
            "abi_align": 1,
            "fields": {
              "Arbitrary": {
                "offsets": []
              }
            },
            "size": {
              "num_bits": 0
            },
            "variants": {
              "Single": {
                "index": 0
              }
            }
          },
          "name": "std::marker::PhantomData<&str>"
        }
      }
    ],
    [
      {
        "StructType": {
          "fields": "elided",
          "layout": {
            "abi": {
              "Aggregate": {
                "sized": true
              }
            },
            "abi_align": 8,
            "fields": {
              "Arbitrary": {
                "offsets": [
                  {
                    "num_bits": 0
                  },
                  {
                    "num_bits": 128
                  },
                  {
                    "num_bits": 160
                  },
                  {
                    "num_bits": 192
                  }
                ]
              }
            },
            "size": {
              "num_bits": 192
            },
            "variants": {
              "Single": {
                "index": 0
              }
            }
          },
          "name": "std::panic::Location<'_>"
        }
      }
    ],
    [
      {
        "StructType": {
          "fields": "elided",
          "layout": {
            "abi": {
              "Scalar": {
                "Initialized": {
                  "valid_range": {
                    "end": 255,
                    "start": 0
                  },
                  "value": {
                    "Int": {
                      "length": "I8",
                      "signed": false
                    }
                  }
                }
              }
            },
            "abi_align": 1,
            "fields": {
              "Arbitrary": {
                "offsets": [
                  {
                    "num_bits": 0
                  }
                ]
              }
            },
            "size": {
              "num_bits": 8
            },
            "variants": {
              "Single": {
                "index": 0
              }
            }
          },
          "name": "std::process::ExitCode"
        }
      }
    ],
    [
      {
        "StructType": {
          "fields": "elided",
          "layout": {
            "abi": {
              "ScalarPair": [
                {
                  "Initialized": {
                    "valid_range": {
                      "end": 18446744073709551615,
                      "start": 1
                    },
                    "value": {
                      "Pointer": 0
                    }
                  }
                },
                {
                  "Initialized": {
                    "valid_range": {
                      "end": 18446744073709551615,
                      "start": 0
                    },
                    "value": {
                      "Int": {
                        "length": "I64",
                        "signed": false
                      }
                    }
                  }
                }
              ]
            },
            "abi_align": 8,
            "fields": {
              "Arbitrary": {
                "offsets": [
                  {
                    "num_bits": 0
                  }
                ]
              }
            },
            "size": {
              "num_bits": 128
            },
            "variants": {
              "Single": {
                "index": 0
              }
            }
          },
          "name": "std::ptr::NonNull<str>"
        }
      }
    ],
    [
      {
        "StructType": {
          "fields": "elided",
          "layout": {
            "abi": {
              "Scalar": {
                "Initialized": {
                  "valid_range": {
                    "end": 255,
                    "start": 0
                  },
                  "value": {
                    "Int": {
                      "length": "I8",
                      "signed": false
                    }
                  }
                }
              }
            },
            "abi_align": 1,
            "fields": {
              "Arbitrary": {
                "offsets": [
                  {
                    "num_bits": 0
                  }
                ]
              }
            },
            "size": {
              "num_bits": 8
            },
            "variants": {
              "Single": {
                "index": 0
              }
            }
          },
          "name": "std::sys::process::unix::common::ExitCode"
        }
      }
    ],
    [
      {
        "TupleType": {
          "layout": {
            "abi": {
              "Aggregate": {
                "sized": true
              }
            },
            "abi_align": 1,
            "fields": {
              "Arbitrary": {
                "offsets": []
              }
            },
            "size": {
              "num_bits": 0
            },
            "variants": {
              "Single": {
                "index": 0
              }
            }
          },
          "types": "elided"
        }
      }
    ],
    [
      {
        "PtrType": {
          "layout": {
            "abi": {
              "Scalar": {
                "Initialized": {
                  "valid_range": {
                    "end": 18446744073709551615,
                    "start": 0
                  },
                  "value": {
                    "Pointer": 0
                  }
                }
              }
            },
            "abi_align": 8,
            "fields": "Primitive",
            "size": {
              "num_bits": 64
            },
            "variants": {
              "Single": {
                "index": 0
              }
            }
          },
          "mutability": "Mut",
          "pointee_type": "elided"
        }
      }
    ],
    [
      {
        "PtrType": {
          "layout": {
            "abi": {
              "Scalar": {
                "Initialized": {
                  "valid_range": {
                    "end": 18446744073709551615,
                    "start": 0
                  },
                  "value": {
                    "Pointer": 0
                  }
                }
              }
            },
            "abi_align": 8,
            "fields": "Primitive",
            "size": {
              "num_bits": 64
            },
            "variants": {
              "Single": {
                "index": 0
              }
            }
          },
          "mutability": "Not",
          "pointee_type": "elided"
        }
      }
    ],
    [
      {
        "PtrType": {
          "layout": {
            "abi": {
              "Scalar": {
                "Initialized": {
                  "valid_range": {
                    "end": 18446744073709551615,
                    "start": 0
                  },
                  "value": {
                    "Pointer": 0
                  }
                }
              }
            },
            "abi_align": 8,
            "fields": "Primitive",
            "size": {
              "num_bits": 64
            },
            "variants": {
              "Single": {
                "index": 0
              }
            }
          },
          "mutability": "Not",
          "pointee_type": "elided"
        }
      }
    ],
    [
      {
        "PtrType": {
          "layout": {
            "abi": {
              "ScalarPair": [
                {
                  "Initialized": {
                    "valid_range": {
                      "end": 18446744073709551615,
                      "start": 0
                    },
                    "value": {
                      "Pointer": 0
                    }
                  }
                },
                {
                  "Initialized": {
                    "valid_range": {
                      "end": 18446744073709551615,
                      "start": 0
                    },
                    "value": {
                      "Int": {
                        "length": "I64",
                        "signed": false
                      }
                    }
                  }
                }
              ]
            },
            "abi_align": 8,
            "fields": {
              "Arbitrary": {
                "offsets": [
                  {
                    "num_bits": 0
                  },
                  {
                    "num_bits": 64
                  }
                ]
              }
            },
            "size": {
              "num_bits": 128
            },
            "variants": {
              "Single": {
                "index": 0
              }
            }
          },
          "mutability": "Not",
          "pointee_type": "elided"
        }
      }
    ],
    [
      {
        "RefType": {
          "layout": {
            "abi": {
              "Scalar": {
                "Initialized": {
                  "valid_range": {
                    "end": 18446744073709551615,
                    "start": 1
                  },
                  "value": {
                    "Pointer": 0
                  }
                }
              }
            },
            "abi_align": 8,
            "fields": "Primitive",
            "size": {
              "num_bits": 64
            },
            "variants": {
              "Single": {
                "index": 0
              }
            }
          },
          "mutability": "Mut",
          "pointee_type": "elided"
        }
      }
    ],
    [
      {
        "RefType": {
          "layout": {
            "abi": {
              "Scalar": {
                "Initialized": {
                  "valid_range": {
                    "end": 18446744073709551615,
                    "start": 1
                  },
                  "value": {
                    "Pointer": 0
                  }
                }
              }
            },
            "abi_align": 8,
            "fields": "Primitive",
            "size": {
              "num_bits": 64
            },
            "variants": {
              "Single": {
                "index": 0
              }
            }
          },
          "mutability": "Not",
          "pointee_type": "elided"
        }
      }
    ],
    [
      {
        "RefType": {
          "layout": {
            "abi": {
              "Scalar": {
                "Initialized": {
                  "valid_range": {
                    "end": 18446744073709551615,
                    "start": 1
                  },
                  "value": {
                    "Pointer": 0
                  }
                }
              }
            },
            "abi_align": 8,
            "fields": "Primitive",
            "size": {
              "num_bits": 64
            },
            "variants": {
              "Single": {
                "index": 0
              }
            }
          },
          "mutability": "Not",
          "pointee_type": "elided"
        }
      }
    ],
    [
      {
        "RefType": {
          "layout": {
            "abi": {
              "Scalar": {
                "Initialized": {
                  "valid_range": {
                    "end": 18446744073709551615,
                    "start": 1
                  },
                  "value": {
                    "Pointer": 0
                  }
                }
              }
            },
            "abi_align": 8,
            "fields": "Primitive",
            "size": {
              "num_bits": 64
            },
            "variants": {
              "Single": {
                "index": 0
              }
            }
          },
          "mutability": "Not",
          "pointee_type": "elided"
        }
      }
    ],
    [
      {
        "RefType": {
          "layout": {
            "abi": {
              "Scalar": {
                "Initialized": {
                  "valid_range": {
                    "end": 18446744073709551615,
                    "start": 1
                  },
                  "value": {
                    "Pointer": 0
                  }
                }
              }
            },
            "abi_align": 8,
            "fields": "Primitive",
            "size": {
              "num_bits": 64
            },
            "variants": {
              "Single": {
                "index": 0
              }
            }
          },
          "mutability": "Not",
          "pointee_type": "elided"
        }
      }
    ],
    [
      {
        "RefType": {
          "layout": {
            "abi": {
              "ScalarPair": [
                {
                  "Initialized": {
                    "valid_range": {
                      "end": 18446744073709551615,
                      "start": 1
                    },
                    "value": {
                      "Pointer": 0
                    }
                  }
                },
                {
                  "Initialized": {
                    "valid_range": {
                      "end": 18446744073709551615,
                      "start": 0
                    },
                    "value": {
                      "Int": {
                        "length": "I64",
                        "signed": false
                      }
                    }
                  }
                }
              ]
            },
            "abi_align": 8,
            "fields": {
              "Arbitrary": {
                "offsets": [
                  {
                    "num_bits": 0
                  },
                  {
                    "num_bits": 64
                  }
                ]
              }
            },
            "size": {
              "num_bits": 128
            },
            "variants": {
              "Single": {
                "index": 0
              }
            }
          },
          "mutability": "Not",
          "pointee_type": "elided"
        }
      }
    ],
    [
      {
        "RefType": {
          "layout": {
            "abi": {
              "ScalarPair": [
                {
                  "Initialized": {
                    "valid_range": {
                      "end": 18446744073709551615,
                      "start": 1
                    },
                    "value": {
                      "Pointer": 0
                    }
                  }
                },
                {
                  "Initialized": {
                    "valid_range": {
                      "end": 18446744073709551615,
                      "start": 1
                    },
                    "value": {
                      "Pointer": 0
                    }
                  }
                }
              ]
            },
            "abi_align": 8,
            "fields": {
              "Arbitrary": {
                "offsets": [
                  {
                    "num_bits": 0
                  },
                  {
                    "num_bits": 64
                  }
                ]
              }
            },
            "size": {
              "num_bits": 128
            },
            "variants": {
              "Single": {
                "index": 0
              }
            }
          },
          "mutability": "Not",
          "pointee_type": "elided"
        }
      }
    ],
    [
      {
        "FunType": "{closure@std::rt::lang_start<()>::{closure#0}}"
      }
    ]
  ]
}
