{
  "allocs": [
    [
      {
        "Memory": {
          "align": 1,
          "bytes": [
            97,
            115,
            115,
            101,
            114,
            116,
            105,
            111,
            110,
            32,
            102,
            97,
            105,
            108,
            101,
            100,
            58,
            32,
            99,
            32,
            61,
            61,
            32,
            52,
            50
          ],
          "mutability": "Not",
          "provenance": {
            "ptrs": []
          }
        }
      }
    ]
  ],
  "functions": [
    [
      {
        "NormalSym": "_ZN3std2rt19lang_start_internal17h"
      }
    ],
    [
      {
        "NormalSym": "_ZN3std3sys9backtrace28__rust_begin_short_backtrace17h"
      }
    ],
    [
      {
        "NormalSym": "_ZN54_$LT$$LP$$RP$$u20$as$u20$std..process..Termination$GT$6report17h"
      }
    ],
    [
      {
        "NormalSym": "_ZN4core3ops8function6FnOnce9call_once17h"
      }
    ],
    [
      {
        "IntrinsicSym": "black_box"
      }
    ],
    [
      {
        "NormalSym": "_ZN4core3ops8function6FnOnce9call_once17h"
      }
    ],
    [
      {
        "NormalSym": "_ZN3std2rt10lang_start28_$u7b$$u7b$closure$u7d$$u7d$17h"
      }
    ],
    [
      {
        "NormalSym": "_ZN4core9panicking5panic17h"
      }
    ],
    [
      {
        "NoOpSym": ""
      }
    ]
  ],
  "items": [
    {
      "details": null,
      "mono_item_kind": {
        "MonoItemFn": {
          "body": {
            "arg_count": 4,
            "blocks": [
              {
                "statements": [
                  {
                    "kind": {
                      "StorageLive": 5
                    }
                  },
                  {
                    "kind": {
                      "StorageLive": 7
                    }
                  },
                  {
                    "kind": {
                      "Assign": [
                        {
                          "local": 7,
                          "projection": []
                        },
                        {
                          "Aggregate": [
                            {
                              "Closure": [
                                1,
                                [
                                  {
                                    "Type": 1
                                  },
                                  {
                                    "Type": 2
                                  },
                                  {
                                    "Type": 3
                                  },
                                  {
                                    "Type": 4
                                  }
                                ]
                              ]
                            },
                            [
                              {
                                "Copy": {
                                  "local": 1,
                                  "projection": []
                                }
                              }
                            ]
                          ]
                        }
                      ]
                    }
                  },
                  {
                    "kind": {
                      "Assign": [
                        {
                          "local": 6,
                          "projection": []
                        },
                        {
                          "Ref": [
                            {
                              "kind": "ReErased"
                            },
                            "Shared",
                            {
                              "local": 7,
                              "projection": []
                            }
                          ]
                        }
                      ]
                    }
                  },
                  {
                    "kind": {
                      "Assign": [
                        {
                          "local": 5,
                          "projection": []
                        },
                        {
                          "Cast": [
                            {
                              "PointerCoercion": "Unsize"
                            },
                            {
                              "Copy": {
                                "local": 6,
                                "projection": []
                              }
                            },
                            5
                          ]
                        }
                      ]
                    }
                  }
                ],
                "terminator": {
                  "kind": {
                    "Call": {
                      "args": [
                        {
                          "Move": {
                            "local": 5,
                            "projection": []
                          }
                        },
                        {
                          "Move": {
                            "local": 2,
                            "projection": []
                          }
                        },
                        {
                          "Move": {
                            "local": 3,
                            "projection": []
                          }
                        },
                        {
                          "Move": {
                            "local": 4,
                            "projection": []
                          }
                        }
                      ],
                      "destination": {
                        "local": 0,
                        "projection": []
                      },
                      "func": {
                        "Constant": {
                          "const_": {
                            "id": 0,
                            "kind": "ZeroSized",
                            "ty": 0
                          },
                          "span": 0,
                          "user_ty": null
                        }
                      },
                      "target": 1,
                      "unwind": "Continue"
                    }
                  }
                }
              },
              {
                "statements": [
                  {
                    "kind": {
                      "StorageDead": 7
                    }
                  },
                  {
                    "kind": {
                      "StorageDead": 5
                    }
                  }
                ],
                "terminator": {
                  "kind": "Return"
                }
              }
            ],
            "locals": [
              {
                "mutability": "Mut",
                "ty": 6
              },
              {
                "mutability": "Not",
                "ty": 7
              },
              {
                "mutability": "Not",
                "ty": 6
              },
              {
                "mutability": "Not",
                "ty": 8
              },
              {
                "mutability": "Not",
                "ty": 9
              },
              {
                "mutability": "Mut",
                "ty": 5
              },
              {
                "mutability": "Not",
                "ty": 10
              },
              {
                "mutability": "Not",
                "ty": 11
              }
            ],
            "span": 11,
            "spread_arg": null,
            "var_debug_info": [
              {
                "argument_index": 1,
                "composite": null,
                "name": "main",
                "source_info": {
                  "scope": 0,
                  "span": 7
                },
                "value": {
                  "Place": {
                    "local": 1,
                    "projection": []
                  }
                }
              },
              {
                "argument_index": 2,
                "composite": null,
                "name": "argc",
                "source_info": {
                  "scope": 0,
                  "span": 8
                },
                "value": {
                  "Place": {
                    "local": 2,
                    "projection": []
                  }
                }
              },
              {
                "argument_index": 3,
                "composite": null,
                "name": "argv",
                "source_info": {
                  "scope": 0,
                  "span": 9
                },
                "value": {
                  "Place": {
                    "local": 3,
                    "projection": []
                  }
                }
              },
              {
                "argument_index": 4,
                "composite": null,
                "name": "sigpipe",
                "source_info": {
                  "scope": 0,
                  "span": 10
                },
                "value": {
                  "Place": {
                    "local": 4,
                    "projection": []
                  }
                }
              }
            ]
          },
          "id": 0,
          "name": "std::rt::lang_start::<()>"
        }
      },
      "symbol_name": "_ZN3std2rt10lang_start17h"
    },
    {
      "details": null,
      "mono_item_kind": {
        "MonoItemFn": {
          "body": {
            "arg_count": 1,
            "blocks": [
              {
                "statements": [
                  {
                    "kind": {
                      "StorageLive": 2
                    }
                  },
                  {
                    "kind": {
                      "StorageLive": 3
                    }
                  },
                  {
                    "kind": {
                      "StorageLive": 4
                    }
                  },
                  {
                    "kind": {
                      "Assign": [
                        {
                          "local": 4,
                          "projection": []
                        },
                        {
                          "Use": {
                            "Copy": {
                              "local": 1,
                              "projection": [
                                "Deref",
                                {
                                  "Field": [
                                    0,
                                    7
                                  ]
                                }
                              ]
                            }
                          }
                        }
                      ]
                    }
                  }
                ],
                "terminator": {
                  "kind": {
                    "Call": {
                      "args": [
                        {
                          "Move": {
                            "local": 4,
                            "projection": []
                          }
                        }
                      ],
                      "destination": {
                        "local": 3,
                        "projection": []
                      },
                      "func": {
                        "Constant": {
                          "const_": {
                            "id": 1,
                            "kind": "ZeroSized",
                            "ty": 12
                          },
                          "span": 12,
                          "user_ty": null
                        }
                      },
                      "target": 1,
                      "unwind": "Continue"
                    }
                  }
                }
              },
              {
                "statements": [
                  {
                    "kind": {
                      "StorageDead": 4
                    }
                  }
                ],
                "terminator": {
                  "kind": {
                    "Call": {
                      "args": [
                        {
                          "Move": {
                            "local": 3,
                            "projection": []
                          }
                        }
                      ],
                      "destination": {
                        "local": 2,
                        "projection": []
                      },
                      "func": {
                        "Constant": {
                          "const_": {
                            "id": 2,
                            "kind": "ZeroSized",
                            "ty": 13
                          },
                          "span": 16,
                          "user_ty": null
                        }
                      },
                      "target": 2,
                      "unwind": "Continue"
                    }
                  }
                }
              },
              {
                "statements": [
                  {
                    "kind": {
                      "StorageDead": 3
                    }
                  },
                  {
                    "kind": {
                      "StorageLive": 5
                    }
                  },
                  {
                    "kind": {
                      "Assign": [
                        {
                          "local": 5,
                          "projection": []
                        },
                        {
                          "Use": {
                            "Copy": {
                              "local": 2,
                              "projection": [
                                {
                                  "Field": [
                                    0,
                                    14
                                  ]
                                },
                                {
                                  "Field": [
                                    0,
                                    9
                                  ]
                                }
                              ]
                            }
                          }
                        }
                      ]
                    }
                  },
                  {
                    "kind": {
                      "Assign": [
                        {
                          "local": 0,
                          "projection": []
                        },
                        {
                          "Cast": [
                            "IntToInt",
                            {
                              "Move": {
                                "local": 5,
                                "projection": []
                              }
                            },
                            15
                          ]
                        }
                      ]
                    }
                  },
                  {
                    "kind": {
                      "StorageDead": 5
                    }
                  },
                  {
                    "kind": {
                      "StorageDead": 2
                    }
                  }
                ],
                "terminator": {
                  "kind": "Return"
                }
              }
            ],
            "locals": [
              {
                "mutability": "Mut",
                "ty": 15
              },
              {
                "mutability": "Mut",
                "ty": 10
              },
              {
                "mutability": "Mut",
                "ty": 16
              },
              {
                "mutability": "Mut",
                "ty": 1
              },
              {
                "mutability": "Mut",
                "ty": 7
              },
              {
                "mutability": "Mut",
                "ty": 9
              }
            ],
            "span": 3,
            "spread_arg": null,
            "var_debug_info": [
              {
                "argument_index": null,
                "composite": null,
                "name": "main",
                "source_info": {
                  "scope": 0,
                  "span": 7
                },
                "value": {
                  "Place": {
                    "local": 1,
                    "projection": [
                      "Deref",
                      {
                        "Field": [
                          0,
                          7
                        ]
                      }
                    ]
                  }
                }
              },
              {
                "argument_index": 1,
                "composite": null,
                "name": "self",
                "source_info": {
                  "scope": 1,
                  "span": 25
                },
                "value": {
                  "Place": {
                    "local": 2,
                    "projection": []
                  }
                }
              }
            ]
          },
          "id": 1,
          "name": "std::rt::lang_start::<()>::{closure#0}"
        }
      },
      "symbol_name": "_ZN3std2rt10lang_start28_$u7b$$u7b$closure$u7d$$u7d$17h"
    },
    {
      "details": null,
      "mono_item_kind": {
        "MonoItemFn": {
          "body": {
            "arg_count": 1,
            "blocks": [
              {
                "statements": [],
                "terminator": {
                  "kind": {
                    "Call": {
                      "args": [
                        {
                          "Move": {
                            "local": 1,
                            "projection": []
                          }
                        },
                        {
                          "Constant": {
                            "const_": {
                              "id": 4,
                              "kind": "ZeroSized",
                              "ty": 1
                            },
                            "span": 27,
                            "user_ty": null
                          }
                        }
                      ],
                      "destination": {
                        "local": 0,
                        "projection": []
                      },
                      "func": {
                        "Constant": {
                          "const_": {
                            "id": 3,
                            "kind": "ZeroSized",
                            "ty": 17
                          },
                          "span": 26,
                          "user_ty": null
                        }
                      },
                      "target": 1,
                      "unwind": "Continue"
                    }
                  }
                }
              },
              {
                "statements": [],
                "terminator": {
                  "kind": {
                    "Call": {
                      "args": [
                        {
                          "Constant": {
                            "const_": {
                              "id": 4,
                              "kind": "ZeroSized",
                              "ty": 1
                            },
                            "span": 27,
                            "user_ty": null
                          }
                        }
                      ],
                      "destination": {
                        "local": 2,
                        "projection": []
                      },
                      "func": {
                        "Constant": {
                          "const_": {
                            "id": 5,
                            "kind": "ZeroSized",
                            "ty": 18
                          },
                          "span": 29,
                          "user_ty": null
                        }
                      },
                      "target": 2,
                      "unwind": "Unreachable"
                    }
                  }
                }
              },
              {
                "statements": [],
                "terminator": {
                  "kind": "Return"
                }
              }
            ],
            "locals": [
              {
                "mutability": "Mut",
                "ty": 1
              },
              {
                "mutability": "Not",
                "ty": 7
              },
              {
                "mutability": "Not",
                "ty": 1
              }
            ],
            "span": 37,
            "spread_arg": null,
            "var_debug_info": [
              {
                "argument_index": 1,
                "composite": null,
                "name": "f",
                "source_info": {
                  "scope": 0,
                  "span": 33
                },
                "value": {
                  "Place": {
                    "local": 1,
                    "projection": []
                  }
                }
              },
              {
                "argument_index": null,
                "composite": null,
                "name": "result",
                "source_info": {
                  "scope": 1,
                  "span": 35
                },
                "value": {
                  "Place": {
                    "local": 0,
                    "projection": []
                  }
                }
              },
              {
                "argument_index": 1,
                "composite": null,
                "name": "dummy",
                "source_info": {
                  "scope": 2,
                  "span": 36
                },
                "value": {
                  "Const": {
                    "const_": {
                      "id": 4,
                      "kind": "ZeroSized",
                      "ty": 1
                    },
                    "span": 27,
                    "user_ty": null
                  }
                }
              }
            ]
          },
          "id": 2,
          "name": "std::sys::backtrace::__rust_begin_short_backtrace::<fn(), ()>"
        }
      },
      "symbol_name": "_ZN3std3sys9backtrace28__rust_begin_short_backtrace17h"
    },
    {
      "details": null,
      "mono_item_kind": {
        "MonoItemFn": {
          "body": {
            "arg_count": 2,
            "blocks": [
              {
                "statements": [],
                "terminator": {
                  "kind": {
                    "Call": {
                      "args": [
                        {
                          "Move": {
                            "local": 1,
                            "projection": [
                              "Deref"
                            ]
                          }
                        },
                        {
                          "Move": {
                            "local": 2,
                            "projection": []
                          }
                        }
                      ],
                      "destination": {
                        "local": 0,
                        "projection": []
                      },
                      "func": {
                        "Constant": {
                          "const_": {
                            "id": 6,
                            "kind": "ZeroSized",
                            "ty": 19
                          },
                          "span": 38,
                          "user_ty": null
                        }
                      },
                      "target": 1,
                      "unwind": "Continue"
                    }
                  }
                }
              },
              {
                "statements": [],
                "terminator": {
                  "kind": "Return"
                }
              }
            ],
            "locals": [
              {
                "mutability": "Mut",
                "ty": 15
              },
              {
                "mutability": "Not",
                "ty": 20
              },
              {
                "mutability": "Not",
                "ty": 1
              }
            ],
            "span": 38,
            "spread_arg": 2,
            "var_debug_info": []
          },
          "id": 3,
          "name": "<{closure@std::rt::lang_start<()>::{closure#0}} as std::ops::FnOnce<()>>::call_once"
        }
      },
      "symbol_name": "_ZN4core3ops8function6FnOnce40call_once$u7b$$u7b$vtable.shim$u7d$$u7d$17h"
    },
    {
      "details": null,
      "mono_item_kind": {
        "MonoItemFn": {
          "body": {
            "arg_count": 2,
            "blocks": [
              {
                "statements": [
                  {
                    "kind": {
                      "Assign": [
                        {
                          "local": 3,
                          "projection": []
                        },
                        {
                          "Ref": [
                            {
                              "kind": "ReErased"
                            },
                            {
                              "Mut": {
                                "kind": "Default"
                              }
                            },
                            {
                              "local": 1,
                              "projection": []
                            }
                          ]
                        }
                      ]
                    }
                  }
                ],
                "terminator": {
                  "kind": {
                    "Call": {
                      "args": [
                        {
                          "Move": {
                            "local": 3,
                            "projection": []
                          }
                        },
                        {
                          "Move": {
                            "local": 2,
                            "projection": []
                          }
                        }
                      ],
                      "destination": {
                        "local": 0,
                        "projection": []
                      },
                      "func": {
                        "Constant": {
                          "const_": {
                            "id": 7,
                            "kind": "ZeroSized",
                            "ty": 21
                          },
                          "span": 38,
                          "user_ty": null
                        }
                      },
                      "target": 1,
                      "unwind": {
                        "Cleanup": 3
                      }
                    }
                  }
                }
              },
              {
                "statements": [],
                "terminator": {
                  "kind": {
                    "Drop": {
                      "place": {
                        "local": 1,
                        "projection": []
                      },
                      "target": 2,
                      "unwind": "Continue"
                    }
                  }
                }
              },
              {
                "statements": [],
                "terminator": {
                  "kind": "Return"
                }
              },
              {
                "statements": [],
                "terminator": {
                  "kind": {
                    "Drop": {
                      "place": {
                        "local": 1,
                        "projection": []
                      },
                      "target": 4,
                      "unwind": "Terminate"
                    }
                  }
                }
              },
              {
                "statements": [],
                "terminator": {
                  "kind": "Resume"
                }
              }
            ],
            "locals": [
              {
                "mutability": "Mut",
                "ty": 15
              },
              {
                "mutability": "Not",
                "ty": 11
              },
              {
                "mutability": "Not",
                "ty": 1
              },
              {
                "mutability": "Not",
                "ty": 22
              }
            ],
            "span": 38,
            "spread_arg": 2,
            "var_debug_info": []
          },
          "id": 3,
          "name": "<{closure@std::rt::lang_start<()>::{closure#0}} as std::ops::FnOnce<()>>::call_once"
        }
      },
      "symbol_name": "_ZN4core3ops8function6FnOnce9call_once17h"
    },
    {
      "details": null,
      "mono_item_kind": {
        "MonoItemFn": {
          "body": {
            "arg_count": 2,
            "blocks": [
              {
                "statements": [],
                "terminator": {
                  "kind": {
                    "Call": {
                      "args": [],
                      "destination": {
                        "local": 0,
                        "projection": []
                      },
                      "func": {
                        "Move": {
                          "local": 1,
                          "projection": []
                        }
                      },
                      "target": 1,
                      "unwind": "Continue"
                    }
                  }
                }
              },
              {
                "statements": [],
                "terminator": {
                  "kind": "Return"
                }
              }
            ],
            "locals": [
              {
                "mutability": "Mut",
                "ty": 1
              },
              {
                "mutability": "Not",
                "ty": 7
              },
              {
                "mutability": "Not",
                "ty": 1
              }
            ],
            "span": 38,
            "spread_arg": 2,
            "var_debug_info": []
          },
          "id": 3,
          "name": "<fn() as std::ops::FnOnce<()>>::call_once"
        }
      },
      "symbol_name": "_ZN4core3ops8function6FnOnce9call_once17h"
    },
    {
      "details": null,
      "mono_item_kind": {
        "MonoItemFn": {
          "body": {
            "arg_count": 1,
            "blocks": [
              {
                "statements": [
                  {
                    "kind": {
                      "Assign": [
                        {
                          "local": 0,
                          "projection": []
                        },
                        {
                          "Use": {
                            "Constant": {
                              "const_": {
                                "id": 8,
                                "kind": {
                                  "Allocated": {
                                    "align": 1,
                                    "bytes": [
                                      0
                                    ],
                                    "mutability": "Mut",
                                    "provenance": {
                                      "ptrs": []
                                    }
                                  }
                                },
                                "ty": 16
                              },
                              "span": 27,
                              "user_ty": null
                            }
                          }
                        }
                      ]
                    }
                  }
                ],
                "terminator": {
                  "kind": "Return"
                }
              }
            ],
            "locals": [
              {
                "mutability": "Mut",
                "ty": 16
              },
              {
                "mutability": "Not",
                "ty": 1
              }
            ],
            "span": 43,
            "spread_arg": null,
            "var_debug_info": []
          },
          "id": 4,
          "name": "<() as std::process::Termination>::report"
        }
      },
      "symbol_name": "_ZN54_$LT$$LP$$RP$$u20$as$u20$std..process..Termination$GT$6report17h"
    },
    {
      "details": null,
      "mono_item_kind": {
        "MonoItemFn": {
          "body": {
            "arg_count": 0,
            "blocks": [
              {
                "statements": [
                  {
                    "kind": {
                      "Assign": [
                        {
                          "local": 1,
                          "projection": []
                        },
                        {
                          "Use": {
                            "Constant": {
                              "const_": {
                                "id": 9,
                                "kind": {
                                  "Allocated": {
                                    "align": 4,
                                    "bytes": [
                                      42,
                                      0,
                                      0,
                                      0
                                    ],
                                    "mutability": "Mut",
                                    "provenance": {
                                      "ptrs": []
                                    }
                                  }
                                },
                                "ty": 15
                              },
                              "span": 45,
                              "user_ty": null
                            }
                          }
                        }
                      ]
                    }
                  },
                  {
                    "kind": {
                      "Assign": [
                        {
                          "local": 2,
                          "projection": []
                        },
                        {
                          "Ref": [
                            {
                              "kind": "ReErased"
                            },
                            "Shared",
                            {
                              "local": 1,
                              "projection": []
                            }
                          ]
                        }
                      ]
                    }
                  },
                  {
                    "kind": {
                      "Assign": [
                        {
                          "local": 3,
                          "projection": []
                        },
                        {
                          "Use": {
                            "Copy": {
                              "local": 2,
                              "projection": [
                                "Deref"
                              ]
                            }
                          }
                        }
                      ]
                    }
                  }
                ],
                "terminator": {
                  "kind": {
                    "SwitchInt": {
                      "discr": {
                        "Copy": {
                          "local": 3,
                          "projection": []
                        }
                      },
                      "targets": {
                        "branches": [
                          [
                            42,
                            1
                          ]
                        ],
                        "otherwise": 2
                      }
                    }
                  }
                }
              },
              {
                "statements": [],
                "terminator": {
                  "kind": "Return"
                }
              },
              {
                "statements": [],
                "terminator": {
                  "kind": {
                    "Call": {
                      "args": [
                        {
                          "Constant": {
                            "const_": {
                              "id": 11,
                              "kind": {
                                "Allocated": {
                                  "align": 8,
                                  "bytes": [
                                    0,
                                    0,
                                    0,
                                    0,
                                    0,
                                    0,
                                    0,
                                    0,
                                    25,
                                    0,
                                    0,
                                    0,
                                    0,
                                    0,
                                    0,
                                    0
                                  ],
                                  "mutability": "Mut",
                                  "provenance": {
                                    "ptrs": [
                                      [
                                        0,
                                        0
                                      ]
                                    ]
                                  }
                                }
                              },
                              "ty": 24
                            },
                            "span": 27,
                            "user_ty": null
                          }
                        }
                      ],
                      "destination": {
                        "local": 4,
                        "projection": []
                      },
                      "func": {
                        "Constant": {
                          "const_": {
                            "id": 10,
                            "kind": "ZeroSized",
                            "ty": 23
                          },
                          "span": 49,
                          "user_ty": null
                        }
                      },
                      "target": null,
                      "unwind": "Continue"
                    }
                  }
                }
              }
            ],
            "locals": [
              {
                "mutability": "Mut",
                "ty": 1
              },
              {
                "mutability": "Not",
                "ty": 15
              },
              {
                "mutability": "Not",
                "ty": 25
              },
              {
                "mutability": "Not",
                "ty": 15
              },
              {
                "mutability": "Mut",
                "ty": 26
              }
            ],
            "span": 54,
            "spread_arg": null,
            "var_debug_info": [
              {
                "argument_index": null,
                "composite": null,
                "name": "a",
                "source_info": {
                  "scope": 1,
                  "span": 51
                },
                "value": {
                  "Place": {
                    "local": 1,
                    "projection": []
                  }
                }
              },
              {
                "argument_index": null,
                "composite": null,
                "name": "b",
                "source_info": {
                  "scope": 2,
                  "span": 52
                },
                "value": {
                  "Place": {
                    "local": 2,
                    "projection": []
                  }
                }
              },
              {
                "argument_index": null,
                "composite": null,
                "name": "c",
                "source_info": {
                  "scope": 3,
                  "span": 53
                },
                "value": {
                  "Place": {
                    "local": 3,
                    "projection": []
                  }
                }
              }
            ]
          },
          "id": 5,
          "name": "main"
        }
      },
      "symbol_name": "_ZN9ref_deref4main17h"
    }
  ],
  "types": [
    [
      {
        "PrimitiveType": "Str"
      }
    ],
    [
      {
        "PrimitiveType": {
          "Int": "I32"
        }
      }
    ],
    [
      {
        "PrimitiveType": {
          "Int": "Isize"
        }
      }
    ],
    [
      {
        "PrimitiveType": {
          "Uint": "U8"
        }
      }
    ],
    [
      {
        "StructType": {
          "fields": "elided",
          "name": "std::panic::Location"
        }
      }
    ],
    [
      {
        "StructType": {
          "fields": "elided",
          "name": "std::process::ExitCode"
        }
      }
    ],
    [
      {
        "StructType": {
          "fields": "elided",
          "name": "std::sys::process::unix::common::ExitCode"
        }
      }
    ],
    [
      {
        "TupleType": {
          "types": "elided"
        }
      }
    ],
    [
      {
        "PtrType": "elided"
      }
    ],
    [
      {
        "PtrType": "elided"
      }
    ],
    [
      {
        "PtrType": "elided"
      }
    ],
    [
      {
        "RefType": "elided"
      }
    ],
    [
      {
        "RefType": "elided"
      }
    ],
    [
      {
        "RefType": "elided"
      }
    ],
    [
      {
        "RefType": "elided"
      }
    ],
    [
      {
        "RefType": "elided"
      }
    ],
    [
      {
        "RefType": "elided"
      }
    ]
  ]
}
