{
  "allocs": [
    {
      "global_alloc": {
        "Static": 0
      }
    },
    {
      "global_alloc": {
        "VTable": [
          0,
          {
            "bound_vars": [],
            "value": {
              "generic_args": []
            }
          }
        ]
      }
    }
  ],
  "functions": [
    [
      {
        "IntrinsicSym": "black_box"
      }
    ],
    [
      {
        "IntrinsicSym": "black_box"
      }
    ],
    [
      {
        "NoOpSym": ""
      }
    ],
    [
      {
        "NormalSym": "_ZN3std2rt10lang_start28_$u7b$$u7b$closure$u7d$$u7d$17h"
      }
    ],
    [
      {
        "NormalSym": "_ZN3std2rt19lang_start_internal17h"
      }
    ],
    [
      {
        "NormalSym": "_ZN3std3sys9backtrace28__rust_begin_short_backtrace17h"
      }
    ],
    [
      {
        "NormalSym": "_ZN4core3fmt3num3imp51_$LT$impl$u20$core..fmt..Display$u20$for$u20$u8$GT$3fmt17h"
      }
    ],
    [
      {
        "NormalSym": "_ZN4core3fmt3num52_$LT$impl$u20$core..fmt..LowerHex$u20$for$u20$u8$GT$3fmt17h"
      }
    ],
    [
      {
        "NormalSym": "_ZN4core3fmt3num52_$LT$impl$u20$core..fmt..UpperHex$u20$for$u20$u8$GT$3fmt17h"
      }
    ],
    [
      {
        "NormalSym": "_ZN4core3ops8function6FnOnce9call_once17h"
      }
    ],
    [
      {
        "NormalSym": "_ZN4core3ops8function6FnOnce9call_once17h"
      }
    ],
    [
      {
        "NormalSym": "_ZN4core4hint9black_box17h"
      }
    ],
    [
      {
        "NormalSym": "_ZN54_$LT$$LP$$RP$$u20$as$u20$std..process..Termination$GT$6report17h"
      }
    ]
  ],
  "items": [
    {
      "details": null,
      "mono_item_kind": {
        "MonoItemStatic": {
          "allocation": {
            "align": 1,
            "bytes": [
              7
            ],
            "mutability": "Not",
            "provenance": {
              "ptrs": []
            }
          },
          "name": "S"
        }
      },
      "symbol_name": "_ZN30static_vtable_nonbuiltin_deref1S17h"
    },
    {
      "details": null,
      "mono_item_kind": {
        "MonoItemFn": {
          "body": {
            "arg_count": 0,
            "blocks": [
              {
                "statements": [
                  {
                    "kind": {
                      "Assign": [
                        {
                          "local": 3,
                          "projection": []
                        },
                        {
                          "Use": {
                            "Constant": {
                              "const_": {
                                "kind": {
                                  "Allocated": {
                                    "align": 8,
                                    "bytes": [
                                      0,
                                      0,
                                      0,
                                      0,
                                      0,
                                      0,
                                      0,
                                      0,
                                      0,
                                      0,
                                      0,
                                      0,
                                      0,
                                      0,
                                      0,
                                      0
                                    ],
                                    "mutability": "Not",
                                    "provenance": {
                                      "ptrs": [
                                        [
                                          0,
                                          0
                                        ],
                                        [
                                          8,
                                          1
                                        ]
                                      ]
                                    }
                                  }
                                }
                              },
                              "user_ty": null
                            }
                          }
                        }
                      ]
                    }
                  },
                  {
                    "kind": {
                      "Assign": [
                        {
                          "local": 4,
                          "projection": []
                        },
                        {
                          "Use": {
                            "Constant": {
                              "const_": {
                                "kind": {
                                  "Allocated": {
                                    "align": 8,
                                    "bytes": [
                                      0,
                                      0,
                                      0,
                                      0,
                                      0,
                                      0,
                                      0,
                                      0
                                    ],
                                    "mutability": "Mut",
                                    "provenance": {
                                      "ptrs": []
                                    }
                                  }
                                }
                              },
                              "user_ty": null
                            }
                          }
                        }
                      ]
                    }
                  },
                  {
                    "kind": {
                      "Assign": [
                        {
                          "local": 5,
                          "projection": []
                        },
                        {
                          "BinaryOp": [
                            "Lt",
                            {
                              "Copy": {
                                "local": 4,
                                "projection": []
                              }
                            },
                            {
                              "Constant": {
                                "const_": {
                                  "kind": {
                                    "Allocated": {
                                      "align": 8,
                                      "bytes": [
                                        1,
                                        0,
                                        0,
                                        0,
                                        0,
                                        0,
                                        0,
                                        0
                                      ],
                                      "mutability": "Mut",
                                      "provenance": {
                                        "ptrs": []
                                      }
                                    }
                                  }
                                },
                                "user_ty": null
                              }
                            }
                          ]
                        }
                      ]
                    }
                  }
                ],
                "terminator": {
                  "kind": {
                    "Assert": {
                      "cond": {
                        "Move": {
                          "local": 5,
                          "projection": []
                        }
                      },
                      "expected": true,
                      "msg": {
                        "BoundsCheck": {
                          "index": {
                            "Copy": {
                              "local": 4,
                              "projection": []
                            }
                          },
                          "len": {
                            "Constant": {
                              "const_": {
                                "kind": {
                                  "Allocated": {
                                    "align": 8,
                                    "bytes": [
                                      1,
                                      0,
                                      0,
                                      0,
                                      0,
                                      0,
                                      0,
                                      0
                                    ],
                                    "mutability": "Mut",
                                    "provenance": {
                                      "ptrs": []
                                    }
                                  }
                                }
                              },
                              "user_ty": null
                            }
                          }
                        }
                      },
                      "target": 1,
                      "unwind": "Continue"
                    }
                  }
                }
              },
              {
                "statements": [
                  {
                    "kind": {
                      "Assign": [
                        {
                          "local": 2,
                          "projection": []
                        },
                        {
                          "Use": {
                            "Copy": {
                              "local": 3,
                              "projection": [
                                {
                                  "Index": 4
                                }
                              ]
                            }
                          }
                        }
                      ]
                    }
                  }
                ],
                "terminator": {
                  "kind": {
                    "Call": {
                      "args": [
                        {
                          "Move": {
                            "local": 2,
                            "projection": []
                          }
                        }
                      ],
                      "destination": {
                        "local": 1,
                        "projection": []
                      },
                      "func": {
                        "Constant": {
                          "const_": {
                            "kind": "ZeroSized"
                          },
                          "user_ty": null
                        }
                      },
                      "target": 2,
                      "unwind": "Continue"
                    }
                  }
                }
              },
              {
                "statements": [],
                "terminator": {
                  "kind": "Return"
                }
              }
            ],
            "locals": [
              {
                "mutability": "Mut"
              },
              {
                "mutability": "Not"
              },
              {
                "mutability": "Mut"
              },
              {
                "mutability": "Mut"
              },
              {
                "mutability": "Not"
              },
              {
                "mutability": "Mut"
              }
            ],
            "spread_arg": null,
            "var_debug_info": []
          },
          "name": "main"
        }
      },
      "symbol_name": "_ZN30static_vtable_nonbuiltin_deref4main17h"
    },
    {
      "details": null,
      "mono_item_kind": {
        "MonoItemFn": {
          "body": {
            "arg_count": 4,
            "blocks": [
              {
                "statements": [
                  {
                    "kind": {
                      "StorageLive": 5
                    }
                  },
                  {
                    "kind": {
                      "StorageLive": 7
                    }
                  },
                  {
                    "kind": {
                      "Assign": [
                        {
                          "local": 7,
                          "projection": []
                        },
                        {
                          "Aggregate": [
                            {
                              "Closure": [
                                0,
                                [
                                  {
                                    "Type": 0
                                  },
                                  {
                                    "Type": 0
                                  },
                                  {
                                    "Type": 0
                                  },
                                  {
                                    "Type": 0
                                  }
                                ]
                              ]
                            },
                            [
                              {
                                "Copy": {
                                  "local": 1,
                                  "projection": []
                                }
                              }
                            ]
                          ]
                        }
                      ]
                    }
                  },
                  {
                    "kind": {
                      "Assign": [
                        {
                          "local": 6,
                          "projection": []
                        },
                        {
                          "Ref": [
                            {
                              "kind": "ReErased"
                            },
                            "Shared",
                            {
                              "local": 7,
                              "projection": []
                            }
                          ]
                        }
                      ]
                    }
                  },
                  {
                    "kind": {
                      "Assign": [
                        {
                          "local": 5,
                          "projection": []
                        },
                        {
                          "Cast": [
                            {
                              "PointerCoercion": "Unsize"
                            },
                            {
                              "Copy": {
                                "local": 6,
                                "projection": []
                              }
                            },
                            0
                          ]
                        }
                      ]
                    }
                  }
                ],
                "terminator": {
                  "kind": {
                    "Call": {
                      "args": [
                        {
                          "Move": {
                            "local": 5,
                            "projection": []
                          }
                        },
                        {
                          "Move": {
                            "local": 2,
                            "projection": []
                          }
                        },
                        {
                          "Move": {
                            "local": 3,
                            "projection": []
                          }
                        },
                        {
                          "Move": {
                            "local": 4,
                            "projection": []
                          }
                        }
                      ],
                      "destination": {
                        "local": 0,
                        "projection": []
                      },
                      "func": {
                        "Constant": {
                          "const_": {
                            "kind": "ZeroSized"
                          },
                          "user_ty": null
                        }
                      },
                      "target": 1,
                      "unwind": "Continue"
                    }
                  }
                }
              },
              {
                "statements": [
                  {
                    "kind": {
                      "StorageDead": 7
                    }
                  },
                  {
                    "kind": {
                      "StorageDead": 5
                    }
                  }
                ],
                "terminator": {
                  "kind": "Return"
                }
              }
            ],
            "locals": [
              {
                "mutability": "Mut"
              },
              {
                "mutability": "Not"
              },
              {
                "mutability": "Not"
              },
              {
                "mutability": "Not"
              },
              {
                "mutability": "Not"
              },
              {
                "mutability": "Mut"
              },
              {
                "mutability": "Not"
              },
              {
                "mutability": "Not"
              }
            ],
            "spread_arg": null,
            "var_debug_info": [
              {
                "argument_index": 1,
                "composite": null,
                "name": "main",
                "source_info": {
                  "scope": 0
                },
                "value": {
                  "Place": {
                    "local": 1,
                    "projection": []
                  }
                }
              },
              {
                "argument_index": 2,
                "composite": null,
                "name": "argc",
                "source_info": {
                  "scope": 0
                },
                "value": {
                  "Place": {
                    "local": 2,
                    "projection": []
                  }
                }
              },
              {
                "argument_index": 3,
                "composite": null,
                "name": "argv",
                "source_info": {
                  "scope": 0
                },
                "value": {
                  "Place": {
                    "local": 3,
                    "projection": []
                  }
                }
              },
              {
                "argument_index": 4,
                "composite": null,
                "name": "sigpipe",
                "source_info": {
                  "scope": 0
                },
                "value": {
                  "Place": {
                    "local": 4,
                    "projection": []
                  }
                }
              }
            ]
          },
          "name": "std::rt::lang_start::<()>"
        }
      },
      "symbol_name": "_ZN3std2rt10lang_start17h"
    },
    {
      "details": null,
      "mono_item_kind": {
        "MonoItemFn": {
          "body": {
            "arg_count": 1,
            "blocks": [
              {
                "statements": [
                  {
                    "kind": {
                      "StorageLive": 2
                    }
                  },
                  {
                    "kind": {
                      "StorageLive": 3
                    }
                  },
                  {
                    "kind": {
                      "StorageLive": 4
                    }
                  },
                  {
                    "kind": {
                      "Assign": [
                        {
                          "local": 4,
                          "projection": []
                        },
                        {
                          "Use": {
                            "Copy": {
                              "local": 1,
                              "projection": [
                                "Deref",
                                {
                                  "Field": [
                                    0,
                                    0
                                  ]
                                }
                              ]
                            }
                          }
                        }
                      ]
                    }
                  }
                ],
                "terminator": {
                  "kind": {
                    "Call": {
                      "args": [
                        {
                          "Move": {
                            "local": 4,
                            "projection": []
                          }
                        }
                      ],
                      "destination": {
                        "local": 3,
                        "projection": []
                      },
                      "func": {
                        "Constant": {
                          "const_": {
                            "kind": "ZeroSized"
                          },
                          "user_ty": null
                        }
                      },
                      "target": 1,
                      "unwind": "Continue"
                    }
                  }
                }
              },
              {
                "statements": [
                  {
                    "kind": {
                      "StorageDead": 4
                    }
                  }
                ],
                "terminator": {
                  "kind": {
                    "Call": {
                      "args": [
                        {
                          "Move": {
                            "local": 3,
                            "projection": []
                          }
                        }
                      ],
                      "destination": {
                        "local": 2,
                        "projection": []
                      },
                      "func": {
                        "Constant": {
                          "const_": {
                            "kind": "ZeroSized"
                          },
                          "user_ty": null
                        }
                      },
                      "target": 2,
                      "unwind": "Continue"
                    }
                  }
                }
              },
              {
                "statements": [
                  {
                    "kind": {
                      "StorageDead": 3
                    }
                  },
                  {
                    "kind": {
                      "StorageLive": 5
                    }
                  },
                  {
                    "kind": {
                      "Assign": [
                        {
                          "local": 5,
                          "projection": []
                        },
                        {
                          "Use": {
                            "Copy": {
                              "local": 2,
                              "projection": [
                                {
                                  "Field": [
                                    0,
                                    0
                                  ]
                                },
                                {
                                  "Field": [
                                    0,
                                    0
                                  ]
                                }
                              ]
                            }
                          }
                        }
                      ]
                    }
                  },
                  {
                    "kind": {
                      "Assign": [
                        {
                          "local": 0,
                          "projection": []
                        },
                        {
                          "Cast": [
                            "IntToInt",
                            {
                              "Move": {
                                "local": 5,
                                "projection": []
                              }
                            },
                            0
                          ]
                        }
                      ]
                    }
                  },
                  {
                    "kind": {
                      "StorageDead": 5
                    }
                  },
                  {
                    "kind": {
                      "StorageDead": 2
                    }
                  }
                ],
                "terminator": {
                  "kind": "Return"
                }
              }
            ],
            "locals": [
              {
                "mutability": "Mut"
              },
              {
                "mutability": "Mut"
              },
              {
                "mutability": "Mut"
              },
              {
                "mutability": "Mut"
              },
              {
                "mutability": "Mut"
              },
              {
                "mutability": "Mut"
              }
            ],
            "spread_arg": null,
            "var_debug_info": [
              {
                "argument_index": null,
                "composite": null,
                "name": "main",
                "source_info": {
                  "scope": 0
                },
                "value": {
                  "Place": {
                    "local": 1,
                    "projection": [
                      "Deref",
                      {
                        "Field": [
                          0,
                          0
                        ]
                      }
                    ]
                  }
                }
              },
              {
                "argument_index": 1,
                "composite": null,
                "name": "self",
                "source_info": {
                  "scope": 1
                },
                "value": {
                  "Place": {
                    "local": 2,
                    "projection": []
                  }
                }
              }
            ]
          },
          "name": "std::rt::lang_start::<()>::{closure#0}"
        }
      },
      "symbol_name": "_ZN3std2rt10lang_start28_$u7b$$u7b$closure$u7d$$u7d$17h"
    },
    {
      "details": null,
      "mono_item_kind": {
        "MonoItemFn": {
          "body": {
            "arg_count": 1,
            "blocks": [
              {
                "statements": [],
                "terminator": {
                  "kind": {
                    "Call": {
                      "args": [
                        {
                          "Move": {
                            "local": 1,
                            "projection": []
                          }
                        },
                        {
                          "Constant": {
                            "const_": {
                              "kind": "ZeroSized"
                            },
                            "user_ty": null
                          }
                        }
                      ],
                      "destination": {
                        "local": 0,
                        "projection": []
                      },
                      "func": {
                        "Constant": {
                          "const_": {
                            "kind": "ZeroSized"
                          },
                          "user_ty": null
                        }
                      },
                      "target": 1,
                      "unwind": "Continue"
                    }
                  }
                }
              },
              {
                "statements": [],
                "terminator": {
                  "kind": {
                    "Call": {
                      "args": [
                        {
                          "Constant": {
                            "const_": {
                              "kind": "ZeroSized"
                            },
                            "user_ty": null
                          }
                        }
                      ],
                      "destination": {
                        "local": 2,
                        "projection": []
                      },
                      "func": {
                        "Constant": {
                          "const_": {
                            "kind": "ZeroSized"
                          },
                          "user_ty": null
                        }
                      },
                      "target": 2,
                      "unwind": "Unreachable"
                    }
                  }
                }
              },
              {
                "statements": [],
                "terminator": {
                  "kind": "Return"
                }
              }
            ],
            "locals": [
              {
                "mutability": "Mut"
              },
              {
                "mutability": "Not"
              },
              {
                "mutability": "Not"
              }
            ],
            "spread_arg": null,
            "var_debug_info": [
              {
                "argument_index": 1,
                "composite": null,
                "name": "f",
                "source_info": {
                  "scope": 0
                },
                "value": {
                  "Place": {
                    "local": 1,
                    "projection": []
                  }
                }
              },
              {
                "argument_index": null,
                "composite": null,
                "name": "result",
                "source_info": {
                  "scope": 1
                },
                "value": {
                  "Place": {
                    "local": 0,
                    "projection": []
                  }
                }
              },
              {
                "argument_index": 1,
                "composite": null,
                "name": "dummy",
                "source_info": {
                  "scope": 2
                },
                "value": {
                  "Const": {
                    "const_": {
                      "kind": "ZeroSized"
                    },
                    "user_ty": null
                  }
                }
              }
            ]
          },
          "name": "std::sys::backtrace::__rust_begin_short_backtrace::<fn(), ()>"
        }
      },
      "symbol_name": "_ZN3std3sys9backtrace28__rust_begin_short_backtrace17h"
    },
    {
      "details": null,
      "mono_item_kind": {
        "MonoItemFn": {
          "body": {
            "arg_count": 2,
            "blocks": [
              {
                "statements": [
                  {
                    "kind": {
                      "StorageLive": 3
                    }
                  },
                  {
                    "kind": {
                      "StorageLive": 4
                    }
                  },
                  {
                    "kind": {
                      "Assign": [
                        {
                          "local": 4,
                          "projection": []
                        },
                        {
                          "Use": {
                            "Copy": {
                              "local": 2,
                              "projection": [
                                "Deref",
                                {
                                  "Field": [
                                    0,
                                    0
                                  ]
                                },
                                {
                                  "Field": [
                                    0,
                                    0
                                  ]
                                }
                              ]
                            }
                          }
                        }
                      ]
                    }
                  },
                  {
                    "kind": {
                      "Assign": [
                        {
                          "local": 3,
                          "projection": []
                        },
                        {
                          "BinaryOp": [
                            "BitAnd",
                            {
                              "Move": {
                                "local": 4,
                                "projection": []
                              }
                            },
                            {
                              "Constant": {
                                "const_": {
                                  "kind": {
                                    "Allocated": {
                                      "align": 4,
                                      "bytes": [
                                        0,
                                        0,
                                        0,
                                        2
                                      ],
                                      "mutability": "Mut",
                                      "provenance": {
                                        "ptrs": []
                                      }
                                    }
                                  }
                                },
                                "user_ty": null
                              }
                            }
                          ]
                        }
                      ]
                    }
                  },
                  {
                    "kind": {
                      "StorageDead": 4
                    }
                  }
                ],
                "terminator": {
                  "kind": {
                    "SwitchInt": {
                      "discr": {
                        "Move": {
                          "local": 3,
                          "projection": []
                        }
                      },
                      "targets": {
                        "branches": [
                          [
                            0,
                            2
                          ]
                        ],
                        "otherwise": 1
                      }
                    }
                  }
                }
              },
              {
                "statements": [
                  {
                    "kind": {
                      "StorageDead": 3
                    }
                  }
                ],
                "terminator": {
                  "kind": {
                    "Call": {
                      "args": [
                        {
                          "Move": {
                            "local": 1,
                            "projection": []
                          }
                        },
                        {
                          "Move": {
                            "local": 2,
                            "projection": []
                          }
                        }
                      ],
                      "destination": {
                        "local": 0,
                        "projection": []
                      },
                      "func": {
                        "Constant": {
                          "const_": {
                            "kind": "ZeroSized"
                          },
                          "user_ty": null
                        }
                      },
                      "target": 6,
                      "unwind": "Continue"
                    }
                  }
                }
              },
              {
                "statements": [
                  {
                    "kind": {
                      "StorageDead": 3
                    }
                  },
                  {
                    "kind": {
                      "StorageLive": 5
                    }
                  },
                  {
                    "kind": {
                      "StorageLive": 6
                    }
                  },
                  {
                    "kind": {
                      "Assign": [
                        {
                          "local": 6,
                          "projection": []
                        },
                        {
                          "Use": {
                            "Copy": {
                              "local": 2,
                              "projection": [
                                "Deref",
                                {
                                  "Field": [
                                    0,
                                    0
                                  ]
                                },
                                {
                                  "Field": [
                                    0,
                                    0
                                  ]
                                }
                              ]
                            }
                          }
                        }
                      ]
                    }
                  },
                  {
                    "kind": {
                      "Assign": [
                        {
                          "local": 5,
                          "projection": []
                        },
                        {
                          "BinaryOp": [
                            "BitAnd",
                            {
                              "Move": {
                                "local": 6,
                                "projection": []
                              }
                            },
                            {
                              "Constant": {
                                "const_": {
                                  "kind": {
                                    "Allocated": {
                                      "align": 4,
                                      "bytes": [
                                        0,
                                        0,
                                        0,
                                        4
                                      ],
                                      "mutability": "Mut",
                                      "provenance": {
                                        "ptrs": []
                                      }
                                    }
                                  }
                                },
                                "user_ty": null
                              }
                            }
                          ]
                        }
                      ]
                    }
                  },
                  {
                    "kind": {
                      "StorageDead": 6
                    }
                  }
                ],
                "terminator": {
                  "kind": {
                    "SwitchInt": {
                      "discr": {
                        "Move": {
                          "local": 5,
                          "projection": []
                        }
                      },
                      "targets": {
                        "branches": [
                          [
                            0,
                            4
                          ]
                        ],
                        "otherwise": 3
                      }
                    }
                  }
                }
              },
              {
                "statements": [
                  {
                    "kind": {
                      "StorageDead": 5
                    }
                  }
                ],
                "terminator": {
                  "kind": {
                    "Call": {
                      "args": [
                        {
                          "Move": {
                            "local": 1,
                            "projection": []
                          }
                        },
                        {
                          "Move": {
                            "local": 2,
                            "projection": []
                          }
                        }
                      ],
                      "destination": {
                        "local": 0,
                        "projection": []
                      },
                      "func": {
                        "Constant": {
                          "const_": {
                            "kind": "ZeroSized"
                          },
                          "user_ty": null
                        }
                      },
                      "target": 5,
                      "unwind": "Continue"
                    }
                  }
                }
              },
              {
                "statements": [
                  {
                    "kind": {
                      "StorageDead": 5
                    }
                  }
                ],
                "terminator": {
                  "kind": {
                    "Call": {
                      "args": [
                        {
                          "Move": {
                            "local": 1,
                            "projection": []
                          }
                        },
                        {
                          "Move": {
                            "local": 2,
                            "projection": []
                          }
                        }
                      ],
                      "destination": {
                        "local": 0,
                        "projection": []
                      },
                      "func": {
                        "Constant": {
                          "const_": {
                            "kind": "ZeroSized"
                          },
                          "user_ty": null
                        }
                      },
                      "target": 5,
                      "unwind": "Continue"
                    }
                  }
                }
              },
              {
                "statements": [],
                "terminator": {
                  "kind": {
                    "Goto": {
                      "target": 6
                    }
                  }
                }
              },
              {
                "statements": [],
                "terminator": {
                  "kind": "Return"
                }
              }
            ],
            "locals": [
              {
                "mutability": "Mut"
              },
              {
                "mutability": "Not"
              },
              {
                "mutability": "Not"
              },
              {
                "mutability": "Mut"
              },
              {
                "mutability": "Mut"
              },
              {
                "mutability": "Mut"
              },
              {
                "mutability": "Mut"
              }
            ],
            "spread_arg": null,
            "var_debug_info": [
              {
                "argument_index": 1,
                "composite": null,
                "name": "self",
                "source_info": {
                  "scope": 0
                },
                "value": {
                  "Place": {
                    "local": 1,
                    "projection": []
                  }
                }
              },
              {
                "argument_index": 2,
                "composite": null,
                "name": "f",
                "source_info": {
                  "scope": 0
                },
                "value": {
                  "Place": {
                    "local": 2,
                    "projection": []
                  }
                }
              },
              {
                "argument_index": 1,
                "composite": null,
                "name": "self",
                "source_info": {
                  "scope": 1
                },
                "value": {
                  "Place": {
                    "local": 2,
                    "projection": []
                  }
                }
              },
              {
                "argument_index": 1,
                "composite": null,
                "name": "self",
                "source_info": {
                  "scope": 2
                },
                "value": {
                  "Place": {
                    "local": 2,
                    "projection": []
                  }
                }
              }
            ]
          },
          "name": "core::fmt::num::<impl std::fmt::Debug for u8>::fmt"
        }
      },
      "symbol_name": "_ZN4core3fmt3num49_$LT$impl$u20$core..fmt..Debug$u20$for$u20$u8$GT$3fmt17h"
    },
    {
      "details": null,
      "mono_item_kind": {
        "MonoItemFn": {
          "body": {
            "arg_count": 2,
            "blocks": [
              {
                "statements": [],
                "terminator": {
                  "kind": {
                    "Call": {
                      "args": [
                        {
                          "Move": {
                            "local": 1,
                            "projection": [
                              "Deref"
                            ]
                          }
                        },
                        {
                          "Move": {
                            "local": 2,
                            "projection": []
                          }
                        }
                      ],
                      "destination": {
                        "local": 0,
                        "projection": []
                      },
                      "func": {
                        "Constant": {
                          "const_": {
                            "kind": "ZeroSized"
                          },
                          "user_ty": null
                        }
                      },
                      "target": 1,
                      "unwind": "Continue"
                    }
                  }
                }
              },
              {
                "statements": [],
                "terminator": {
                  "kind": "Return"
                }
              }
            ],
            "locals": [
              {
                "mutability": "Mut"
              },
              {
                "mutability": "Not"
              },
              {
                "mutability": "Not"
              }
            ],
            "spread_arg": 2,
            "var_debug_info": []
          },
          "name": "<{closure@std::rt::lang_start<()>::{closure#0}} as std::ops::FnOnce<()>>::call_once"
        }
      },
      "symbol_name": "_ZN4core3ops8function6FnOnce40call_once$u7b$$u7b$vtable.shim$u7d$$u7d$17h"
    },
    {
      "details": null,
      "mono_item_kind": {
        "MonoItemFn": {
          "body": {
            "arg_count": 2,
            "blocks": [
              {
                "statements": [],
                "terminator": {
                  "kind": {
                    "Call": {
                      "args": [],
                      "destination": {
                        "local": 0,
                        "projection": []
                      },
                      "func": {
                        "Move": {
                          "local": 1,
                          "projection": []
                        }
                      },
                      "target": 1,
                      "unwind": "Continue"
                    }
                  }
                }
              },
              {
                "statements": [],
                "terminator": {
                  "kind": "Return"
                }
              }
            ],
            "locals": [
              {
                "mutability": "Mut"
              },
              {
                "mutability": "Not"
              },
              {
                "mutability": "Not"
              }
            ],
            "spread_arg": 2,
            "var_debug_info": []
          },
          "name": "<fn() as std::ops::FnOnce<()>>::call_once"
        }
      },
      "symbol_name": "_ZN4core3ops8function6FnOnce9call_once17h"
    },
    {
      "details": null,
      "mono_item_kind": {
        "MonoItemFn": {
          "body": {
            "arg_count": 2,
            "blocks": [
              {
                "statements": [
                  {
                    "kind": {
                      "Assign": [
                        {
                          "local": 3,
                          "projection": []
                        },
                        {
                          "Ref": [
                            {
                              "kind": "ReErased"
                            },
                            {
                              "Mut": {
                                "kind": "Default"
                              }
                            },
                            {
                              "local": 1,
                              "projection": []
                            }
                          ]
                        }
                      ]
                    }
                  }
                ],
                "terminator": {
                  "kind": {
                    "Call": {
                      "args": [
                        {
                          "Move": {
                            "local": 3,
                            "projection": []
                          }
                        },
                        {
                          "Move": {
                            "local": 2,
                            "projection": []
                          }
                        }
                      ],
                      "destination": {
                        "local": 0,
                        "projection": []
                      },
                      "func": {
                        "Constant": {
                          "const_": {
                            "kind": "ZeroSized"
                          },
                          "user_ty": null
                        }
                      },
                      "target": 1,
                      "unwind": {
                        "Cleanup": 3
                      }
                    }
                  }
                }
              },
              {
                "statements": [],
                "terminator": {
                  "kind": {
                    "Drop": {
                      "place": {
                        "local": 1,
                        "projection": []
                      },
                      "target": 2,
                      "unwind": "Continue"
                    }
                  }
                }
              },
              {
                "statements": [],
                "terminator": {
                  "kind": "Return"
                }
              },
              {
                "statements": [],
                "terminator": {
                  "kind": {
                    "Drop": {
                      "place": {
                        "local": 1,
                        "projection": []
                      },
                      "target": 4,
                      "unwind": "Terminate"
                    }
                  }
                }
              },
              {
                "statements": [],
                "terminator": {
                  "kind": "Resume"
                }
              }
            ],
            "locals": [
              {
                "mutability": "Mut"
              },
              {
                "mutability": "Not"
              },
              {
                "mutability": "Not"
              },
              {
                "mutability": "Not"
              }
            ],
            "spread_arg": 2,
            "var_debug_info": []
          },
          "name": "<{closure@std::rt::lang_start<()>::{closure#0}} as std::ops::FnOnce<()>>::call_once"
        }
      },
      "symbol_name": "_ZN4core3ops8function6FnOnce9call_once17h"
    },
    {
      "details": null,
      "mono_item_kind": {
        "MonoItemFn": {
          "body": {
            "arg_count": 1,
            "blocks": [
              {
                "statements": [],
                "terminator": {
                  "kind": {
                    "Call": {
                      "args": [
                        {
                          "Move": {
                            "local": 1,
                            "projection": []
                          }
                        }
                      ],
                      "destination": {
                        "local": 0,
                        "projection": []
                      },
                      "func": {
                        "Constant": {
                          "const_": {
                            "kind": "ZeroSized"
                          },
                          "user_ty": null
                        }
                      },
                      "target": 1,
                      "unwind": "Unreachable"
                    }
                  }
                }
              },
              {
                "statements": [],
                "terminator": {
                  "kind": "Return"
                }
              }
            ],
            "locals": [
              {
                "mutability": "Mut"
              },
              {
                "mutability": "Not"
              }
            ],
            "spread_arg": null,
            "var_debug_info": [
              {
                "argument_index": 1,
                "composite": null,
                "name": "dummy",
                "source_info": {
                  "scope": 0
                },
                "value": {
                  "Place": {
                    "local": 1,
                    "projection": []
                  }
                }
              }
            ]
          },
          "name": "std::hint::black_box::<&dyn std::fmt::Debug>"
        }
      },
      "symbol_name": "_ZN4core4hint9black_box17h"
    },
    {
      "details": null,
      "mono_item_kind": {
        "MonoItemFn": {
          "body": {
            "arg_count": 1,
            "blocks": [
              {
                "statements": [
                  {
                    "kind": {
                      "Assign": [
                        {
                          "local": 0,
                          "projection": []
                        },
                        {
                          "Use": {
                            "Constant": {
                              "const_": {
                                "kind": {
                                  "Allocated": {
                                    "align": 1,
                                    "bytes": [
                                      0
                                    ],
                                    "mutability": "Mut",
                                    "provenance": {
                                      "ptrs": []
                                    }
                                  }
                                }
                              },
                              "user_ty": null
                            }
                          }
                        }
                      ]
                    }
                  }
                ],
                "terminator": {
                  "kind": "Return"
                }
              }
            ],
            "locals": [
              {
                "mutability": "Mut"
              },
              {
                "mutability": "Not"
              }
            ],
            "spread_arg": null,
            "var_debug_info": []
          },
          "name": "<() as std::process::Termination>::report"
        }
      },
      "symbol_name": "_ZN54_$LT$$LP$$RP$$u20$as$u20$std..process..Termination$GT$6report17h"
    }
  ],
  "types": [
    [
      {
        "PrimitiveType": "Bool"
      }
    ],
    [
      {
        "PrimitiveType": {
          "Int": "I32"
        }
      }
    ],
    [
      {
        "PrimitiveType": {
          "Int": "Isize"
        }
      }
    ],
    [
      {
        "PrimitiveType": {
          "Uint": "U16"
        }
      }
    ],
    [
      {
        "PrimitiveType": {
          "Uint": "U32"
        }
      }
    ],
    [
      {
        "PrimitiveType": {
          "Uint": "U8"
        }
      }
    ],
    [
      {
        "PrimitiveType": {
          "Uint": "Usize"
        }
      }
    ],
    [
      {
        "EnumType": {
          "discriminants": [
            0,
            1
          ],
          "fields": "elided",
          "layout": {
            "abi": {
              "Scalar": {
                "Initialized": {
                  "valid_range": {
                    "end": 1,
                    "start": 0
                  },
                  "value": {
                    "Int": {
                      "length": "I8",
                      "signed": false
                    }
                  }
                }
              }
            },
            "abi_align": 1,
            "fields": {
              "Arbitrary": {
                "offsets": [
                  {
                    "num_bits": 0
                  }
                ]
              }
            },
            "size": {
              "num_bits": 8
            },
            "variants": {
              "Multiple": {
                "tag": {
                  "Initialized": {
                    "valid_range": {
                      "end": 1,
                      "start": 0
                    },
                    "value": {
                      "Int": {
                        "length": "I8",
                        "signed": false
                      }
                    }
                  }
                },
                "tag_encoding": "Direct",
                "tag_field": 0,
                "variants": [
                  {
                    "abi": {
                      "Scalar": {
                        "Initialized": {
                          "valid_range": {
                            "end": 1,
                            "start": 0
                          },
                          "value": {
                            "Int": {
                              "length": "I8",
                              "signed": false
                            }
                          }
                        }
                      }
                    },
                    "abi_align": 1,
                    "fields": {
                      "Arbitrary": {
                        "offsets": [
                          {
                            "num_bits": 8
                          }
                        ]
                      }
                    },
                    "size": {
                      "num_bits": 8
                    },
                    "variants": {
                      "Single": {
                        "index": 0
                      }
                    }
                  },
                  {
                    "abi": {
                      "Scalar": {
                        "Initialized": {
                          "valid_range": {
                            "end": 1,
                            "start": 0
                          },
                          "value": {
                            "Int": {
                              "length": "I8",
                              "signed": false
                            }
                          }
                        }
                      }
                    },
                    "abi_align": 1,
                    "fields": {
                      "Arbitrary": {
                        "offsets": [
                          {
                            "num_bits": 8
                          }
                        ]
                      }
                    },
                    "size": {
                      "num_bits": 8
                    },
                    "variants": {
                      "Single": {
                        "index": 1
                      }
                    }
                  }
                ]
              }
            }
          },
          "name": "std::result::Result<(), std::fmt::Error>"
        }
      }
    ],
    [
      {
        "StructType": {
          "fields": "elided",
          "layout": {
            "abi": {
              "Aggregate": {
                "sized": true
              }
            },
            "abi_align": 1,
            "fields": {
              "Arbitrary": {
                "offsets": []
              }
            },
            "size": {
              "num_bits": 0
            },
            "variants": {
              "Single": {
                "index": 0
              }
            }
          },
          "name": "std::fmt::Error"
        }
      }
    ],
    [
      {
        "StructType": {
          "fields": "elided",
          "layout": {
            "abi": {
              "Aggregate": {
                "sized": true
              }
            },
            "abi_align": 8,
            "fields": {
              "Arbitrary": {
                "offsets": [
                  {
                    "num_bits": 128
                  },
                  {
                    "num_bits": 0
                  }
                ]
              }
            },
            "size": {
              "num_bits": 192
            },
            "variants": {
              "Single": {
                "index": 0
              }
            }
          },
          "name": "std::fmt::Formatter<'_>"
        }
      }
    ],
    [
      {
        "StructType": {
          "fields": "elided",
          "layout": {
            "abi": {
              "Aggregate": {
                "sized": true
              }
            },
            "abi_align": 4,
            "fields": {
              "Arbitrary": {
                "offsets": [
                  {
                    "num_bits": 0
                  },
                  {
                    "num_bits": 32
                  },
                  {
                    "num_bits": 48
                  }
                ]
              }
            },
            "size": {
              "num_bits": 64
            },
            "variants": {
              "Single": {
                "index": 0
              }
            }
          },
          "name": "std::fmt::FormattingOptions"
        }
      }
    ],
    [
      {
        "StructType": {
          "fields": "elided",
          "layout": {
            "abi": {
              "Scalar": {
                "Initialized": {
                  "valid_range": {
                    "end": 255,
                    "start": 0
                  },
                  "value": {
                    "Int": {
                      "length": "I8",
                      "signed": false
                    }
                  }
                }
              }
            },
            "abi_align": 1,
            "fields": {
              "Arbitrary": {
                "offsets": [
                  {
                    "num_bits": 0
                  }
                ]
              }
            },
            "size": {
              "num_bits": 8
            },
            "variants": {
              "Single": {
                "index": 0
              }
            }
          },
          "name": "std::process::ExitCode"
        }
      }
    ],
    [
      {
        "StructType": {
          "fields": "elided",
          "layout": {
            "abi": {
              "Scalar": {
                "Initialized": {
                  "valid_range": {
                    "end": 255,
                    "start": 0
                  },
                  "value": {
                    "Int": {
                      "length": "I8",
                      "signed": false
                    }
                  }
                }
              }
            },
            "abi_align": 1,
            "fields": {
              "Arbitrary": {
                "offsets": [
                  {
                    "num_bits": 0
                  }
                ]
              }
            },
            "size": {
              "num_bits": 8
            },
            "variants": {
              "Single": {
                "index": 0
              }
            }
          },
          "name": "std::sys::process::unix::common::ExitCode"
        }
      }
    ],
    [
      {
        "ArrayType": {
          "layout": {
            "abi": {
              "Aggregate": {
                "sized": true
              }
            },
            "abi_align": 8,
            "fields": {
              "Array": {
                "count": 1,
                "stride": {
                  "num_bits": 128
                }
              }
            },
            "size": {
              "num_bits": 128
            },
            "variants": {
              "Single": {
                "index": 0
              }
            }
          },
          "size": {
            "kind": {
              "Value": [
                {
                  "align": 8,
                  "bytes": [
                    1,
                    0,
                    0,
                    0,
                    0,
                    0,
                    0,
                    0
                  ],
                  "mutability": "Mut",
                  "provenance": {
                    "ptrs": []
                  }
                }
              ]
            }
          }
        }
      }
    ],
    [
      {
        "TupleType": {
          "layout": {
            "abi": {
              "Aggregate": {
                "sized": true
              }
            },
            "abi_align": 1,
            "fields": {
              "Arbitrary": {
                "offsets": []
              }
            },
            "size": {
              "num_bits": 0
            },
            "variants": {
              "Single": {
                "index": 0
              }
            }
          },
          "types": "elided"
        }
      }
    ],
    [
      {
        "PtrType": {
          "layout": {
            "abi": {
              "Scalar": {
                "Initialized": {
                  "valid_range": {
                    "end": 18446744073709551615,
                    "start": 0
                  },
                  "value": {
                    "Pointer": 0
                  }
                }
              }
            },
            "abi_align": 8,
            "fields": "Primitive",
            "size": {
              "num_bits": 64
            },
            "variants": {
              "Single": {
                "index": 0
              }
            }
          },
          "mutability": "Mut",
          "pointee_type": "elided"
        }
      }
    ],
    [
      {
        "PtrType": {
          "layout": {
            "abi": {
              "Scalar": {
                "Initialized": {
                  "valid_range": {
                    "end": 18446744073709551615,
                    "start": 0
                  },
                  "value": {
                    "Pointer": 0
                  }
                }
              }
            },
            "abi_align": 8,
            "fields": "Primitive",
            "size": {
              "num_bits": 64
            },
            "variants": {
              "Single": {
                "index": 0
              }
            }
          },
          "mutability": "Not",
          "pointee_type": "elided"
        }
      }
    ],
    [
      {
        "PtrType": {
          "layout": {
            "abi": {
              "Scalar": {
                "Initialized": {
                  "valid_range": {
                    "end": 18446744073709551615,
                    "start": 0
                  },
                  "value": {
                    "Pointer": 0
                  }
                }
              }
            },
            "abi_align": 8,
            "fields": "Primitive",
            "size": {
              "num_bits": 64
            },
            "variants": {
              "Single": {
                "index": 0
              }
            }
          },
          "mutability": "Not",
          "pointee_type": "elided"
        }
      }
    ],
    [
      {
        "RefType": {
          "layout": {
            "abi": {
              "Scalar": {
                "Initialized": {
                  "valid_range": {
                    "end": 18446744073709551615,
                    "start": 1
                  },
                  "value": {
                    "Pointer": 0
                  }
                }
              }
            },
            "abi_align": 8,
            "fields": "Primitive",
            "size": {
              "num_bits": 64
            },
            "variants": {
              "Single": {
                "index": 0
              }
            }
          },
          "mutability": "Mut",
          "pointee_type": "elided"
        }
      }
    ],
    [
      {
        "RefType": {
          "layout": {
            "abi": {
              "Scalar": {
                "Initialized": {
                  "valid_range": {
                    "end": 18446744073709551615,
                    "start": 1
                  },
                  "value": {
                    "Pointer": 0
                  }
                }
              }
            },
            "abi_align": 8,
            "fields": "Primitive",
            "size": {
              "num_bits": 64
            },
            "variants": {
              "Single": {
                "index": 0
              }
            }
          },
          "mutability": "Mut",
          "pointee_type": "elided"
        }
      }
    ],
    [
      {
        "RefType": {
          "layout": {
            "abi": {
              "Scalar": {
                "Initialized": {
                  "valid_range": {
                    "end": 18446744073709551615,
                    "start": 1
                  },
                  "value": {
                    "Pointer": 0
                  }
                }
              }
            },
            "abi_align": 8,
            "fields": "Primitive",
            "size": {
              "num_bits": 64
            },
            "variants": {
              "Single": {
                "index": 0
              }
            }
          },
          "mutability": "Not",
          "pointee_type": "elided"
        }
      }
    ],
    [
      {
        "RefType": {
          "layout": {
            "abi": {
              "Scalar": {
                "Initialized": {
                  "valid_range": {
                    "end": 18446744073709551615,
                    "start": 1
                  },
                  "value": {
                    "Pointer": 0
                  }
                }
              }
            },
            "abi_align": 8,
            "fields": "Primitive",
            "size": {
              "num_bits": 64
            },
            "variants": {
              "Single": {
                "index": 0
              }
            }
          },
          "mutability": "Not",
          "pointee_type": "elided"
        }
      }
    ],
    [
      {
        "RefType": {
          "layout": {
            "abi": {
              "ScalarPair": [
                {
                  "Initialized": {
                    "valid_range": {
                      "end": 18446744073709551615,
                      "start": 1
                    },
                    "value": {
                      "Pointer": 0
                    }
                  }
                },
                {
                  "Initialized": {
                    "valid_range": {
                      "end": 18446744073709551615,
                      "start": 1
                    },
                    "value": {
                      "Pointer": 0
                    }
                  }
                }
              ]
            },
            "abi_align": 8,
            "fields": {
              "Arbitrary": {
                "offsets": [
                  {
                    "num_bits": 0
                  },
                  {
                    "num_bits": 64
                  }
                ]
              }
            },
            "size": {
              "num_bits": 128
            },
            "variants": {
              "Single": {
                "index": 0
              }
            }
          },
          "mutability": "Mut",
          "pointee_type": "elided"
        }
      }
    ],
    [
      {
        "RefType": {
          "layout": {
            "abi": {
              "ScalarPair": [
                {
                  "Initialized": {
                    "valid_range": {
                      "end": 18446744073709551615,
                      "start": 1
                    },
                    "value": {
                      "Pointer": 0
                    }
                  }
                },
                {
                  "Initialized": {
                    "valid_range": {
                      "end": 18446744073709551615,
                      "start": 1
                    },
                    "value": {
                      "Pointer": 0
                    }
                  }
                }
              ]
            },
            "abi_align": 8,
            "fields": {
              "Arbitrary": {
                "offsets": [
                  {
                    "num_bits": 0
                  },
                  {
                    "num_bits": 64
                  }
                ]
              }
            },
            "size": {
              "num_bits": 128
            },
            "variants": {
              "Single": {
                "index": 0
              }
            }
          },
          "mutability": "Not",
          "pointee_type": "elided"
        }
      }
    ],
    [
      {
        "RefType": {
          "layout": {
            "abi": {
              "ScalarPair": [
                {
                  "Initialized": {
                    "valid_range": {
                      "end": 18446744073709551615,
                      "start": 1
                    },
                    "value": {
                      "Pointer": 0
                    }
                  }
                },
                {
                  "Initialized": {
                    "valid_range": {
                      "end": 18446744073709551615,
                      "start": 1
                    },
                    "value": {
                      "Pointer": 0
                    }
                  }
                }
              ]
            },
            "abi_align": 8,
            "fields": {
              "Arbitrary": {
                "offsets": [
                  {
                    "num_bits": 0
                  },
                  {
                    "num_bits": 64
                  }
                ]
              }
            },
            "size": {
              "num_bits": 128
            },
            "variants": {
              "Single": {
                "index": 0
              }
            }
          },
          "mutability": "Not",
          "pointee_type": "elided"
        }
      }
    ],
    [
      {
        "FunType": "{closure@std::rt::lang_start<()>::{closure#0}}"
      }
    ]
  ]
}
